Archive member included to satisfy reference by file (symbol)

D:/ST/STM32CubeIDE_1.19.0/STM32CubeIDE/plugins/com.st.stm32cube.ide.mcu.externaltools.gnu-tools-for-stm32.13.3.rel1.win32_1.0.0.202411081344/tools/bin/../lib/gcc/arm-none-eabi/13.3.1/../../../../arm-none-eabi/lib/thumb/v7e-m+dp/hard\libc_nano.a(libc_a-exit.o)
                              D:/ST/STM32CubeIDE_1.19.0/STM32CubeIDE/plugins/com.st.stm32cube.ide.mcu.externaltools.gnu-tools-for-stm32.13.3.rel1.win32_1.0.0.202411081344/tools/bin/../lib/gcc/arm-none-eabi/13.3.1/../../../../arm-none-eabi/lib/thumb/v7e-m+dp/hard/crt0.o (exit)
D:/ST/STM32CubeIDE_1.19.0/STM32CubeIDE/plugins/com.st.stm32cube.ide.mcu.externaltools.gnu-tools-for-stm32.13.3.rel1.win32_1.0.0.202411081344/tools/bin/../lib/gcc/arm-none-eabi/13.3.1/../../../../arm-none-eabi/lib/thumb/v7e-m+dp/hard\libc_nano.a(libc_a-findfp.o)
                              D:/ST/STM32CubeIDE_1.19.0/STM32CubeIDE/plugins/com.st.stm32cube.ide.mcu.externaltools.gnu-tools-for-stm32.13.3.rel1.win32_1.0.0.202411081344/tools/bin/../lib/gcc/arm-none-eabi/13.3.1/../../../../arm-none-eabi/lib/thumb/v7e-m+dp/hard\libc_nano.a(libc_a-exit.o) (__stdio_exit_handler)
D:/ST/STM32CubeIDE_1.19.0/STM32CubeIDE/plugins/com.st.stm32cube.ide.mcu.externaltools.gnu-tools-for-stm32.13.3.rel1.win32_1.0.0.202411081344/tools/bin/../lib/gcc/arm-none-eabi/13.3.1/../../../../arm-none-eabi/lib/thumb/v7e-m+dp/hard\libc_nano.a(libc_a-fwalk.o)
                              D:/ST/STM32CubeIDE_1.19.0/STM32CubeIDE/plugins/com.st.stm32cube.ide.mcu.externaltools.gnu-tools-for-stm32.13.3.rel1.win32_1.0.0.202411081344/tools/bin/../lib/gcc/arm-none-eabi/13.3.1/../../../../arm-none-eabi/lib/thumb/v7e-m+dp/hard\libc_nano.a(libc_a-findfp.o) (_fwalk_sglue)
D:/ST/STM32CubeIDE_1.19.0/STM32CubeIDE/plugins/com.st.stm32cube.ide.mcu.externaltools.gnu-tools-for-stm32.13.3.rel1.win32_1.0.0.202411081344/tools/bin/../lib/gcc/arm-none-eabi/13.3.1/../../../../arm-none-eabi/lib/thumb/v7e-m+dp/hard\libc_nano.a(libc_a-printf.o)
                              ./Core/Src/main.o (printf)
D:/ST/STM32CubeIDE_1.19.0/STM32CubeIDE/plugins/com.st.stm32cube.ide.mcu.externaltools.gnu-tools-for-stm32.13.3.rel1.win32_1.0.0.202411081344/tools/bin/../lib/gcc/arm-none-eabi/13.3.1/../../../../arm-none-eabi/lib/thumb/v7e-m+dp/hard\libc_nano.a(libc_a-puts.o)
                              ./Core/Src/main.o (puts)
D:/ST/STM32CubeIDE_1.19.0/STM32CubeIDE/plugins/com.st.stm32cube.ide.mcu.externaltools.gnu-tools-for-stm32.13.3.rel1.win32_1.0.0.202411081344/tools/bin/../lib/gcc/arm-none-eabi/13.3.1/../../../../arm-none-eabi/lib/thumb/v7e-m+dp/hard\libc_nano.a(libc_a-stdio.o)
                              D:/ST/STM32CubeIDE_1.19.0/STM32CubeIDE/plugins/com.st.stm32cube.ide.mcu.externaltools.gnu-tools-for-stm32.13.3.rel1.win32_1.0.0.202411081344/tools/bin/../lib/gcc/arm-none-eabi/13.3.1/../../../../arm-none-eabi/lib/thumb/v7e-m+dp/hard\libc_nano.a(libc_a-findfp.o) (__sread)
D:/ST/STM32CubeIDE_1.19.0/STM32CubeIDE/plugins/com.st.stm32cube.ide.mcu.externaltools.gnu-tools-for-stm32.13.3.rel1.win32_1.0.0.202411081344/tools/bin/../lib/gcc/arm-none-eabi/13.3.1/../../../../arm-none-eabi/lib/thumb/v7e-m+dp/hard\libc_nano.a(libc_a-wbuf.o)
                              D:/ST/STM32CubeIDE_1.19.0/STM32CubeIDE/plugins/com.st.stm32cube.ide.mcu.externaltools.gnu-tools-for-stm32.13.3.rel1.win32_1.0.0.202411081344/tools/bin/../lib/gcc/arm-none-eabi/13.3.1/../../../../arm-none-eabi/lib/thumb/v7e-m+dp/hard\libc_nano.a(libc_a-puts.o) (__swbuf_r)
D:/ST/STM32CubeIDE_1.19.0/STM32CubeIDE/plugins/com.st.stm32cube.ide.mcu.externaltools.gnu-tools-for-stm32.13.3.rel1.win32_1.0.0.202411081344/tools/bin/../lib/gcc/arm-none-eabi/13.3.1/../../../../arm-none-eabi/lib/thumb/v7e-m+dp/hard\libc_nano.a(libc_a-wsetup.o)
                              D:/ST/STM32CubeIDE_1.19.0/STM32CubeIDE/plugins/com.st.stm32cube.ide.mcu.externaltools.gnu-tools-for-stm32.13.3.rel1.win32_1.0.0.202411081344/tools/bin/../lib/gcc/arm-none-eabi/13.3.1/../../../../arm-none-eabi/lib/thumb/v7e-m+dp/hard\libc_nano.a(libc_a-puts.o) (__swsetup_r)
D:/ST/STM32CubeIDE_1.19.0/STM32CubeIDE/plugins/com.st.stm32cube.ide.mcu.externaltools.gnu-tools-for-stm32.13.3.rel1.win32_1.0.0.202411081344/tools/bin/../lib/gcc/arm-none-eabi/13.3.1/../../../../arm-none-eabi/lib/thumb/v7e-m+dp/hard\libc_nano.a(libc_a-memset.o)
                              D:/ST/STM32CubeIDE_1.19.0/STM32CubeIDE/plugins/com.st.stm32cube.ide.mcu.externaltools.gnu-tools-for-stm32.13.3.rel1.win32_1.0.0.202411081344/tools/bin/../lib/gcc/arm-none-eabi/13.3.1/../../../../arm-none-eabi/lib/thumb/v7e-m+dp/hard/crt0.o (memset)
D:/ST/STM32CubeIDE_1.19.0/STM32CubeIDE/plugins/com.st.stm32cube.ide.mcu.externaltools.gnu-tools-for-stm32.13.3.rel1.win32_1.0.0.202411081344/tools/bin/../lib/gcc/arm-none-eabi/13.3.1/../../../../arm-none-eabi/lib/thumb/v7e-m+dp/hard\libc_nano.a(libc_a-closer.o)
[...]
Memory Configuration

Name             Origin             Length             Attributes
FLASH            0x08000000         0x00020000         xr
DTCMRAM          0x20000000         0x00020000         xrw
RAM_D1           0x24000000         0x00080000         xrw
RAM_D2           0x30000000         0x00048000         xrw
RAM_D3           0x38000000         0x00010000         xrw
ITCMRAM          0x00000000         0x00010000         xrw
*default*        0x00000000         0xffffffff

Linker script and memory map

LOAD D:/ST/STM32CubeIDE_1.19.0/STM32CubeIDE/plugins/com.st.stm32cube.ide.mcu.externaltools.gnu-tools-for-stm32.13.3.rel1.win32_1.0.0.202411081344/tools/bin/../lib/gcc/arm-none-eabi/13.3.1/thumb/v7e-m+dp/hard/crti.o
LOAD D:/ST/STM32CubeIDE_1.19.0/STM32CubeIDE/plugins/com.st.stm32cube.ide.mcu.externaltools.gnu-tools-for-stm32.13.3.rel1.win32_1.0.0.202411081344/tools/bin/../lib/gcc/arm-none-eabi/13.3.1/thumb/v7e-m+dp/hard/crtbegin.o
LOAD D:/ST/STM32CubeIDE_1.19.0/STM32CubeIDE/plugins/com.st.stm32cube.ide.mcu.externaltools.gnu-tools-for-stm32.13.3.rel1.win32_1.0.0.202411081344/tools/bin/../lib/gcc/arm-none-eabi/13.3.1/../../../../arm-none-eabi/lib/thumb/v7e-m+dp/hard/crt0.o
LOAD ./Core/Src/main.o
LOAD ./Core/Src/stm32h7xx_hal_msp.o
LOAD ./Core/Src/stm32h7xx_it.o
LOAD ./Core/Src/syscalls.o
LOAD ./Core/Src/sysmem.o
LOAD ./Core/Src/system_stm32h7xx.o
LOAD ./Core/Startup/startup_stm32h750vbtx.o
LOAD ./Drivers/STM32H7xx_HAL_Driver/Src/stm32h7xx_hal.o
LOAD ./Drivers/STM32H7xx_HAL_Driver/Src/stm32h7xx_hal_cortex.o
LOAD ./Drivers/STM32H7xx_HAL_Driver/Src/stm32h7xx_hal_dac.o
LOAD ./Drivers/STM32H7xx_HAL_Driver/Src/stm32h7xx_hal_dac_ex.o
LOAD ./Drivers/STM32H7xx_HAL_Driver/Src/stm32h7xx_hal_dma.o
LOAD ./Drivers/STM32H7xx_HAL_Driver/Src/stm32h7xx_hal_dma_ex.o
LOAD ./Drivers/STM32H7xx_HAL_Driver/Src/stm32h7xx_hal_exti.o
LOAD ./Drivers/STM32H7xx_HAL_Driver/Src/stm32h7xx_hal_flash.o
LOAD ./Drivers/STM32H7xx_HAL_Driver/Src/stm32h7xx_hal_flash_ex.o
LOAD ./Drivers/STM32H7xx_HAL_Driver/Src/stm32h7xx_hal_gpio.o
LOAD ./Drivers/STM32H7xx_HAL_Driver/Src/stm32h7xx_hal_hsem.o
LOAD ./Drivers/STM32H7xx_HAL_Driver/Src/stm32h7xx_hal_i2c.o
LOAD ./Drivers/STM32H7xx_HAL_Driver/Src/stm32h7xx_hal_i2c_ex.o
LOAD ./Drivers/STM32H7xx_HAL_Driver/Src/stm32h7xx_hal_mdma.o
LOAD ./Drivers/STM32H7xx_HAL_Driver/Src/stm32h7xx_hal_mmc.o
LOAD ./Drivers/STM32H7xx_HAL_Driver/Src/stm32h7xx_hal_mmc_ex.o
LOAD ./Drivers/STM32H7xx_HAL_Driver/Src/stm32h7xx_hal_pwr.o
LOAD ./Drivers/STM32H7xx_HAL_Driver/Src/stm32h7xx_hal_pwr_ex.o
LOAD ./Drivers/STM32H7xx_HAL_Driver/Src/stm32h7xx_hal_rcc.o
LOAD ./Drivers/STM32H7xx_HAL_Driver/Src/stm32h7xx_hal_rcc_ex.o
LOAD ./Drivers/STM32H7xx_HAL_Driver/Src/stm32h7xx_hal_sd.o
LOAD ./Drivers/STM32H7xx_HAL_Driver/Src/stm32h7xx_hal_sd_ex.o
LOAD ./Drivers/STM32H7xx_HAL_Driver/Src/stm32h7xx_hal_tim.o
LOAD ./Drivers/STM32H7xx_HAL_Driver/Src/stm32h7xx_hal_tim_ex.o
LOAD ./Drivers/STM32H7xx_HAL_Driver/Src/stm32h7xx_hal_uart.o
LOAD ./Drivers/STM32H7xx_HAL_Driver/Src/stm32h7xx_hal_uart_ex.o
LOAD ./Drivers/STM32H7xx_HAL_Driver/Src/stm32h7xx_ll_delayblock.o
LOAD ./Drivers/STM32H7xx_HAL_Driver/Src/stm32h7xx_ll_sdmmc.o
LOAD ./FATFS/App/fatfs.o
LOAD ./FATFS/Target/bsp_driver_sd.o
LOAD ./FATFS/Target/fatfs_platform.o
LOAD ./FATFS/Target/sd_diskio.o
LOAD ./Middlewares/Third_Party/FatFs/src/diskio.o
LOAD ./Middlewares/Third_Party/FatFs/src/ff.o
LOAD ./Middlewares/Third_Party/FatFs/src/ff_gen_drv.o
LOAD ./Middlewares/Third_Party/FatFs/src/option/ccsbcs.o
LOAD ./Middlewares/Third_Party/FatFs/src/option/syscall.o
START GROUP
LOAD D:/ST/STM32CubeIDE_1.19.0/STM32CubeIDE/plugins/com.st.stm32cube.ide.mcu.externaltools.gnu-tools-for-stm32.13.3.rel1.win32_1.0.0.202411081344/tools/bin/../lib/gcc/arm-none-eabi/13.3.1/../../../../arm-none-eabi/lib/thumb/v7e-m+dp/hard\libc_nano.a
LOAD D:/ST/STM32CubeIDE_1.19.0/STM32CubeIDE/plugins/com.st.stm32cube.ide.mcu.externaltools.gnu-tools-for-stm32.13.3.rel1.win32_1.0.0.202411081344/tools/bin/../lib/gcc/arm-none-eabi/13.3.1/../../../../arm-none-eabi/lib/thumb/v7e-m+dp/hard\libm.a
END GROUP
START GROUP
LOAD D:/ST/STM32CubeIDE_1.19.0/STM32CubeIDE/plugins/com.st.stm32cube.ide.mcu.externaltools.gnu-tools-for-stm32.13.3.rel1.win32_1.0.0.202411081344/tools/bin/../lib/gcc/arm-none-eabi/13.3.1/thumb/v7e-m+dp/hard\libgcc.a
LOAD D:/ST/STM32CubeIDE_1.19.0/STM32CubeIDE/plugins/com.st.stm32cube.ide.mcu.externaltools.gnu-tools-for-stm32.13.3.rel1.win32_1.0.0.202411081344/tools/bin/../lib/gcc/arm-none-eabi/13.3.1/../../../../arm-none-eabi/lib/thumb/v7e-m+dp/hard\libc_nano.a
END GROUP
START GROUP
LOAD D:/ST/STM32CubeIDE_1.19.0/STM32CubeIDE/plugins/com.st.stm32cube.ide.mcu.externaltools.gnu-tools-for-stm32.13.3.rel1.win32_1.0.0.202411081344/tools/bin/../lib/gcc/arm-none-eabi/13.3.1/thumb/v7e-m+dp/hard\libgcc.a
LOAD D:/ST/STM32CubeIDE_1.19.0/STM32CubeIDE/plugins/com.st.stm32cube.ide.mcu.externaltools.gnu-tools-for-stm32.13.3.rel1.win32_1.0.0.202411081344/tools/bin/../lib/gcc/arm-none-eabi/13.3.1/../../../../arm-none-eabi/lib/thumb/v7e-m+dp/hard\libc_nano.a
LOAD D:/ST/STM32CubeIDE_1.19.0/STM32CubeIDE/plugins/com.st.stm32cube.ide.mcu.externaltools.gnu-tools-for-stm32.13.3.rel1.win32_1.0.0.202411081344/tools/bin/../lib/gcc/arm-none-eabi/13.3.1/../../../../arm-none-eabi/lib/thumb/v7e-m+dp/hard\libnosys.a
END GROUP
START GROUP
LOAD D:/ST/STM32CubeIDE_1.19.0/STM32CubeIDE/plugins/com.st.stm32cube.ide.mcu.externaltools.gnu-tools-for-stm32.13.3.rel1.win32_1.0.0.202411081344/tools/bin/../lib/gcc/arm-none-eabi/13.3.1/thumb/v7e-m+dp/hard\libgcc.a
LOAD D:/ST/STM32CubeIDE_1.19.0/STM32CubeIDE/plugins/com.st.stm32cube.ide.mcu.externaltools.gnu-tools-for-stm32.13.3.rel1.win32_1.0.0.202411081344/tools/bin/../lib/gcc/arm-none-eabi/13.3.1/../../../../arm-none-eabi/lib/thumb/v7e-m+dp/hard\libc_nano.a
LOAD D:/ST/STM32CubeIDE_1.19.0/STM32CubeIDE/plugins/com.st.stm32cube.ide.mcu.externaltools.gnu-tools-for-stm32.13.3.rel1.win32_1.0.0.202411081344/tools/bin/../lib/gcc/arm-none-eabi/13.3.1/../../../../arm-none-eabi/lib/thumb/v7e-m+dp/hard\libnosys.a
END GROUP
LOAD D:/ST/STM32CubeIDE_1.19.0/STM32CubeIDE/plugins/com.st.stm32cube.ide.mcu.externaltools.gnu-tools-for-stm32.13.3.rel1.win32_1.0.0.202411081344/tools/bin/../lib/gcc/arm-none-eabi/13.3.1/thumb/v7e-m+dp/hard/crtend.o
LOAD D:/ST/STM32CubeIDE_1.19.0/STM32CubeIDE/plugins/com.st.stm32cube.ide.mcu.externaltools.gnu-tools-for-stm32.13.3.rel1.win32_1.0.0.202411081344/tools/bin/../lib/gcc/arm-none-eabi/13.3.1/thumb/v7e-m+dp/hard/crtn.o
                0x24080000                        _estack = (ORIGIN (RAM_D1) + LENGTH (RAM_D1))
                0x00002800                        _Min_Heap_Size = 0x2800
                0x00001400                        _Min_Stack_Size = 0x1400

.isr_vector     0x08000000      0x298
                0x08000000                        . = ALIGN (0x4)
 *(.isr_vector)
 .isr_vector    0x08000000      0x298 ./Core/Startup/startup_stm32h750vbtx.o
                0x08000000                g_pfnVectors
                0x08000298                        . = ALIGN (0x4)

.text           0x080002a0    0x10fc4
                0x080002a0                        . = ALIGN (0x4)
 *(.text)
 .text          0x080002a0       0x40 D:/ST/STM32CubeIDE_1.19.0/STM32CubeIDE/plugins/com.st.stm32cube.ide.mcu.externaltools.gnu-tools-for-stm32.13.3.rel1.win32_1.0.0.202411081344/tools/bin/../lib/gcc/arm-none-eabi/13.3.1/thumb/v7e-m+dp/hard/crtbegin.o
 .text          0x080002e0       0xa0 D:/ST/STM32CubeIDE_1.19.0/STM32CubeIDE/plugins/com.st.stm32cube.ide.mcu.externaltools.gnu-tools-for-stm32.13.3.rel1.win32_1.0.0.202411081344/tools/bin/../lib/gcc/arm-none-eabi/13.3.1/../../../../arm-none-eabi/lib/thumb/v7e-m+dp/hard\libc_nano.a(libc_a-memchr.o)
                0x080002e0                memchr
 .text          0x08000380       0x30 D:/ST/STM32CubeIDE_1.19.0/STM32CubeIDE/plugins/com.st.stm32cube.ide.mcu.externaltools.gnu-tools-for-stm32.13.3.rel1.win32_1.0.0.202411081344/tools/bin/../lib/gcc/arm-none-eabi/13.3.1/thumb/v7e-m+dp/hard\libgcc.a(_aeabi_uldivmod.o)
                0x08000380                __aeabi_uldivmod
 .text          0x080003b0      0x2f8 D:/ST/STM32CubeIDE_1.19.0/STM32CubeIDE/plugins/com.st.stm32cube.ide.mcu.externaltools.gnu-tools-for-stm32.13.3.rel1.win32_1.0.0.202411081344/tools/bin/../lib/gcc/arm-none-eabi/13.3.1/thumb/v7e-m+dp/hard\libgcc.a(_udivmoddi4.o)
                0x080003b0                __udivmoddi4
 .text          0x080006a8        0x4 D:/ST/STM32CubeIDE_1.19.0/STM32CubeIDE/plugins/com.st.stm32cube.ide.mcu.externaltools.gnu-tools-for-stm32.13.3.rel1.win32_1.0.0.202411081344/tools/bin/../lib/gcc/arm-none-eabi/13.3.1/thumb/v7e-m+dp/hard\libgcc.a(_dvmd_tls.o)
                0x080006a8                __aeabi_idiv0
                0x080006a8                __aeabi_ldiv0
 *(.text*)
 .text.__io_putchar
                0x080006ac       0x24 ./Core/Src/main.o
                0x080006ac                __io_putchar
 .text.LoadSDFileInfo
                0x080006d0      0x170 ./Core/Src/main.o
                0x080006d0                LoadSDFileInfo
 .text.LoadSDFileFrame
                0x08000840       0x8c ./Core/Src/main.o
                0x08000840                LoadSDFileFrame
 *fill*         0x080008cc        0x4 
 .text.setDAC   0x080008d0      0x10c ./Core/Src/main.o
                0x080008d0                setDAC
 .text.HAL_DACEx_ConvCpltCallbackCh2
                0x080009dc       0x14 ./Core/Src/main.o
                0x080009dc                HAL_DACEx_ConvCpltCallbackCh2
 .text.main     0x080009f0      0x1b4 ./Core/Src/main.o
                0x080009f0                main
 .text.SystemClock_Config
                0x08000ba4       0xf4 ./Core/Src/main.o
                0x08000ba4                SystemClock_Config
 .text.MX_DAC1_Init
                0x08000c98       0x78 ./Core/Src/main.o
 .text.MX_SDMMC1_SD_Init
                0x08000d10       0x48 ./Core/Src/main.o
 .text.MX_TIM6_Init
                0x08000d58       0x6c ./Core/Src/main.o
 .text.MX_USART1_UART_Init
                0x08000dc4       0x98 ./Core/Src/main.o
 .text.MX_DMA_Init
                0x08000e5c       0x50 ./Core/Src/main.o
 .text.MX_GPIO_Init
                0x08000eac      0x120 ./Core/Src/main.o
 .text.MPU_Config
                0x08000fcc       0x58 ./Core/Src/main.o
 .text.Error_Handler
                0x08001024        0xc ./Core/Src/main.o
                0x08001024                Error_Handler
 .text.HAL_MspInit
                0x08001030       0x34 ./Core/Src/stm32h7xx_hal_msp.o
                0x08001030                HAL_MspInit
 .text.HAL_DAC_MspInit
                0x08001064      0x15c ./Core/Src/stm32h7xx_hal_msp.o
                0x08001064                HAL_DAC_MspInit
 .text.HAL_SD_MspInit
                0x080011c0      0x12c ./Core/Src/stm32h7xx_hal_msp.o
                0x080011c0                HAL_SD_MspInit
 .text.HAL_TIM_Base_MspInit
                0x080012ec       0x44 ./Core/Src/stm32h7xx_hal_msp.o
                0x080012ec                HAL_TIM_Base_MspInit
 .text.HAL_UART_MspInit
                0x08001330       0xe4 ./Core/Src/stm32h7xx_hal_msp.o
                0x08001330                HAL_UART_MspInit
 .text.NMI_Handler
                0x08001414        0x8 ./Core/Src/stm32h7xx_it.o
                0x08001414                NMI_Handler
 .text.HardFault_Handler
                0x0800141c        0x8 ./Core/Src/stm32h7xx_it.o
                0x0800141c                HardFault_Handler
 .text.MemManage_Handler
                0x08001424        0x8 ./Core/Src/stm32h7xx_it.o
                0x08001424                MemManage_Handler
 .text.BusFault_Handler
                0x0800142c        0x8 ./Core/Src/stm32h7xx_it.o
                0x0800142c                BusFault_Handler
 .text.UsageFault_Handler
                0x08001434        0x8 ./Core/Src/stm32h7xx_it.o
                0x08001434                UsageFault_Handler
 .text.SVC_Handler
                0x0800143c        0xe ./Core/Src/stm32h7xx_it.o
                0x0800143c                SVC_Handler
 .text.DebugMon_Handler
                0x0800144a        0xe ./Core/Src/stm32h7xx_it.o
                0x0800144a                DebugMon_Handler
 .text.PendSV_Handler
                0x08001458        0xe ./Core/Src/stm32h7xx_it.o
                0x08001458                PendSV_Handler
 .text.SysTick_Handler
                0x08001466        0xc ./Core/Src/stm32h7xx_it.o
                0x08001466                SysTick_Handler
 *fill*         0x08001472        0x2 
 .text.DMA1_Stream0_IRQHandler
                0x08001474       0x14 ./Core/Src/stm32h7xx_it.o
                0x08001474                DMA1_Stream0_IRQHandler
 .text.DMA1_Stream1_IRQHandler
                0x08001488       0x14 ./Core/Src/stm32h7xx_it.o
                0x08001488                DMA1_Stream1_IRQHandler
 .text.USART1_IRQHandler
                0x0800149c       0x14 ./Core/Src/stm32h7xx_it.o
                0x0800149c                USART1_IRQHandler
 .text.SDMMC1_IRQHandler
                0x080014b0       0x14 ./Core/Src/stm32h7xx_it.o
                0x080014b0                SDMMC1_IRQHandler
 .text._read    0x080014c4       0x3a ./Core/Src/syscalls.o
                0x080014c4                _read
 .text._write   0x080014fe       0x38 ./Core/Src/syscalls.o
                0x080014fe                _write
 .text._close   0x08001536       0x18 ./Core/Src/syscalls.o
                0x08001536                _close
 .text._fstat   0x0800154e       0x20 ./Core/Src/syscalls.o
                0x0800154e                _fstat
 .text._isatty  0x0800156e       0x16 ./Core/Src/syscalls.o
                0x0800156e                _isatty
 .text._lseek   0x08001584       0x1a ./Core/Src/syscalls.o
                0x08001584                _lseek
 *fill*         0x0800159e        0x2 
 .text._sbrk    0x080015a0       0x6c ./Core/Src/sysmem.o
                0x080015a0                _sbrk
 .text.SystemInit
                0x0800160c      0x140 ./Core/Src/system_stm32h7xx.o
                0x0800160c                SystemInit
 .text.ExitRun0Mode
                0x0800174c       0x30 ./Core/Src/system_stm32h7xx.o
                0x0800174c                ExitRun0Mode
 .text.Reset_Handler
                0x0800177c       0x54 ./Core/Startup/startup_stm32h750vbtx.o
                0x0800177c                Reset_Handler
 .text.Default_Handler
                0x080017d0        0x2 ./Core/Startup/startup_stm32h750vbtx.o
                0x080017d0                RTC_Alarm_IRQHandler
                0x080017d0                HASH_RNG_IRQHandler
                0x080017d0                EXTI2_IRQHandler
                0x080017d0                TIM8_CC_IRQHandler
                0x080017d0                HRTIM1_Master_IRQHandler
                0x080017d0                UART8_IRQHandler
                0x080017d0                SPI4_IRQHandler
                0x080017d0                TIM1_CC_IRQHandler
                0x080017d0                BDMA_Channel6_IRQHandler
                0x080017d0                DMA2_Stream5_IRQHandler
                0x080017d0                HRTIM1_FLT_IRQHandler
                0x080017d0                JPEG_IRQHandler
                0x080017d0                DMA1_Stream5_IRQHandler
                0x080017d0                BDMA_Channel1_IRQHandler
                0x080017d0                HRTIM1_TIMD_IRQHandler
                0x080017d0                TAMP_STAMP_IRQHandler
                0x080017d0                EXTI3_IRQHandler
                0x080017d0                LPTIM4_IRQHandler
                0x080017d0                TIM8_TRG_COM_TIM14_IRQHandler
                0x080017d0                LPTIM2_IRQHandler
                0x080017d0                DFSDM1_FLT1_IRQHandler
                0x080017d0                DMAMUX2_OVR_IRQHandler
                0x080017d0                TIM8_UP_TIM13_IRQHandler
                0x080017d0                I2C3_ER_IRQHandler
                0x080017d0                DFSDM1_FLT2_IRQHandler
                0x080017d0                MDMA_IRQHandler
                0x080017d0                LPTIM3_IRQHandler
                0x080017d0                HSEM1_IRQHandler
                0x080017d0                EXTI0_IRQHandler
                0x080017d0                I2C2_EV_IRQHandler
                0x080017d0                DMA1_Stream2_IRQHandler
                0x080017d0                FPU_IRQHandler
                0x080017d0                OTG_HS_WKUP_IRQHandler
                0x080017d0                FDCAN1_IT1_IRQHandler
                0x080017d0                LTDC_ER_IRQHandler
                0x080017d0                DMA2_Stream2_IRQHandler
                0x080017d0                HRTIM1_TIME_IRQHandler
                0x080017d0                SPI1_IRQHandler
                0x080017d0                TIM6_DAC_IRQHandler
                0x080017d0                DCMI_IRQHandler
                0x080017d0                HRTIM1_TIMC_IRQHandler
                0x080017d0                DMA2_Stream3_IRQHandler
                0x080017d0                SAI2_IRQHandler
                0x080017d0                DFSDM1_FLT3_IRQHandler
                0x080017d0                USART6_IRQHandler
                0x080017d0                TIM17_IRQHandler
                0x080017d0                USART3_IRQHandler
                0x080017d0                BDMA_Channel7_IRQHandler
                0x080017d0                CRYP_IRQHandler
                0x080017d0                LPTIM5_IRQHandler
                0x080017d0                UART5_IRQHandler
                0x080017d0                ADC3_IRQHandler
                0x080017d0                DMA2_Stream0_IRQHandler
                0x080017d0                TIM4_IRQHandler
                0x080017d0                BDMA_Channel2_IRQHandler
                0x080017d0                QUADSPI_IRQHandler
                0x080017d0                I2C1_EV_IRQHandler
                0x080017d0                DMA1_Stream6_IRQHandler
                0x080017d0                DMAMUX1_OVR_IRQHandler
                0x080017d0                TIM16_IRQHandler
                0x080017d0                UART4_IRQHandler
                0x080017d0                BDMA_Channel5_IRQHandler
                0x080017d0                TIM3_IRQHandler
                0x080017d0                RCC_IRQHandler
                0x080017d0                TIM8_BRK_TIM12_IRQHandler
                0x080017d0                TIM1_TRG_COM_IRQHandler
                0x080017d0                Default_Handler
                0x080017d0                ECC_IRQHandler
                0x080017d0                CEC_IRQHandler
                0x080017d0                EXTI15_10_IRQHandler
                0x080017d0                BDMA_Channel0_IRQHandler
                0x080017d0                ADC_IRQHandler
                0x080017d0                DMA1_Stream7_IRQHandler
                0x080017d0                HRTIM1_TIMA_IRQHandler
                0x080017d0                SPI5_IRQHandler
                0x080017d0                TIM7_IRQHandler
                0x080017d0                TIM5_IRQHandler
                0x080017d0                DMA2_Stream7_IRQHandler
                0x080017d0                TIM15_IRQHandler
                0x080017d0                PVD_AVD_IRQHandler
                0x080017d0                I2C3_EV_IRQHandler
                0x080017d0                EXTI9_5_IRQHandler
                0x080017d0                RTC_WKUP_IRQHandler
                0x080017d0                LTDC_IRQHandler
                0x080017d0                SAI3_IRQHandler
                0x080017d0                ETH_WKUP_IRQHandler
                0x080017d0                SPDIF_RX_IRQHandler
                0x080017d0                SPI2_IRQHandler
                0x080017d0                OTG_HS_EP1_IN_IRQHandler
                0x080017d0                CRS_IRQHandler
                0x080017d0                EXTI4_IRQHandler
                0x080017d0                HRTIM1_TIMB_IRQHandler
                0x080017d0                FDCAN2_IT1_IRQHandler
                0x080017d0                ETH_IRQHandler
                0x080017d0                TIM1_UP_IRQHandler
                0x080017d0                BDMA_Channel4_IRQHandler
                0x080017d0                OTG_HS_EP1_OUT_IRQHandler
                0x080017d0                WWDG_IRQHandler
                0x080017d0                SPI6_IRQHandler
                0x080017d0                MDIOS_IRQHandler
                0x080017d0                I2C4_EV_IRQHandler
                0x080017d0                FDCAN2_IT0_IRQHandler
                0x080017d0                LPUART1_IRQHandler
                0x080017d0                FDCAN1_IT0_IRQHandler
                0x080017d0                TIM2_IRQHandler
                0x080017d0                OTG_FS_WKUP_IRQHandler
                0x080017d0                OTG_HS_IRQHandler
                0x080017d0                DMA2D_IRQHandler
                0x080017d0                TIM1_BRK_IRQHandler
                0x080017d0                EXTI1_IRQHandler
                0x080017d0                SDMMC2_IRQHandler
                0x080017d0                OTG_FS_EP1_OUT_IRQHandler
                0x080017d0                BDMA_Channel3_IRQHandler
                0x080017d0                UART7_IRQHandler
                0x080017d0                MDIOS_WKUP_IRQHandler
                0x080017d0                USART2_IRQHandler
                0x080017d0                DFSDM1_FLT0_IRQHandler
                0x080017d0                SAI4_IRQHandler
                0x080017d0                I2C2_ER_IRQHandler
                0x080017d0                DMA2_Stream1_IRQHandler
                0x080017d0                FLASH_IRQHandler
                0x080017d0                DMA2_Stream4_IRQHandler
                0x080017d0                OTG_FS_IRQHandler
                0x080017d0                SPI3_IRQHandler
                0x080017d0                WAKEUP_PIN_IRQHandler
                0x080017d0                DMA1_Stream4_IRQHandler
                0x080017d0                OTG_FS_EP1_IN_IRQHandler
                0x080017d0                I2C1_ER_IRQHandler
                0x080017d0                FMC_IRQHandler
                0x080017d0                FDCAN_CAL_IRQHandler
                0x080017d0                SWPMI1_IRQHandler
                0x080017d0                COMP1_IRQHandler
                0x080017d0                LPTIM1_IRQHandler
                0x080017d0                I2C4_ER_IRQHandler
                0x080017d0                DMA2_Stream6_IRQHandler
                0x080017d0                SAI1_IRQHandler
                0x080017d0                DMA1_Stream3_IRQHandler
 *fill*         0x080017d2        0x2 
 .text.HAL_Init
                0x080017d4       0x78 ./Drivers/STM32H7xx_HAL_Driver/Src/stm32h7xx_hal.o
                0x080017d4                HAL_Init
 .text.HAL_InitTick
                0x0800184c       0x6c ./Drivers/STM32H7xx_HAL_Driver/Src/stm32h7xx_hal.o
                0x0800184c                HAL_InitTick
 .text.HAL_IncTick
                0x080018b8       0x28 ./Drivers/STM32H7xx_HAL_Driver/Src/stm32h7xx_hal.o
                0x080018b8                HAL_IncTick
 .text.HAL_GetTick
                0x080018e0       0x18 ./Drivers/STM32H7xx_HAL_Driver/Src/stm32h7xx_hal.o
                0x080018e0                HAL_GetTick
 .text.HAL_Delay
                0x080018f8       0x48 ./Drivers/STM32H7xx_HAL_Driver/Src/stm32h7xx_hal.o
                0x080018f8                HAL_Delay
 .text.HAL_GetREVID
                0x08001940       0x18 ./Drivers/STM32H7xx_HAL_Driver/Src/stm32h7xx_hal.o
                0x08001940                HAL_GetREVID
 .text.__NVIC_SetPriorityGrouping
                0x08001958       0x48 ./Drivers/STM32H7xx_HAL_Driver/Src/stm32h7xx_hal_cortex.o
 .text.__NVIC_GetPriorityGrouping
                0x080019a0       0x1c ./Drivers/STM32H7xx_HAL_Driver/Src/stm32h7xx_hal_cortex.o
 .text.__NVIC_EnableIRQ
                0x080019bc       0x3c ./Drivers/STM32H7xx_HAL_Driver/Src/stm32h7xx_hal_cortex.o
 .text.__NVIC_SetPriority
                0x080019f8       0x54 ./Drivers/STM32H7xx_HAL_Driver/Src/stm32h7xx_hal_cortex.o
 .text.NVIC_EncodePriority
                0x08001a4c       0x66 ./Drivers/STM32H7xx_HAL_Driver/Src/stm32h7xx_hal_cortex.o
 *fill*         0x08001ab2        0x2 
 .text.SysTick_Config
                0x08001ab4       0x44 ./Drivers/STM32H7xx_HAL_Driver/Src/stm32h7xx_hal_cortex.o
 .text.HAL_NVIC_SetPriorityGrouping
                0x08001af8       0x16 ./Drivers/STM32H7xx_HAL_Driver/Src/stm32h7xx_hal_cortex.o
                0x08001af8                HAL_NVIC_SetPriorityGrouping
 .text.HAL_NVIC_SetPriority
                0x08001b0e       0x34 ./Drivers/STM32H7xx_HAL_Driver/Src/stm32h7xx_hal_cortex.o
                0x08001b0e                HAL_NVIC_SetPriority
 .text.HAL_NVIC_EnableIRQ
                0x08001b42       0x1c ./Drivers/STM32H7xx_HAL_Driver/Src/stm32h7xx_hal_cortex.o
                0x08001b42                HAL_NVIC_EnableIRQ
 .text.HAL_SYSTICK_Config
                0x08001b5e       0x18 ./Drivers/STM32H7xx_HAL_Driver/Src/stm32h7xx_hal_cortex.o
                0x08001b5e                HAL_SYSTICK_Config
 *fill*         0x08001b76        0x2 
 .text.HAL_MPU_Disable
                0x08001b78       0x30 ./Drivers/STM32H7xx_HAL_Driver/Src/stm32h7xx_hal_cortex.o
                0x08001b78                HAL_MPU_Disable
 .text.HAL_MPU_Enable
                0x08001ba8       0x40 ./Drivers/STM32H7xx_HAL_Driver/Src/stm32h7xx_hal_cortex.o
                0x08001ba8                HAL_MPU_Enable
 .text.HAL_MPU_ConfigRegion
                0x08001be8       0x80 ./Drivers/STM32H7xx_HAL_Driver/Src/stm32h7xx_hal_cortex.o
                0x08001be8                HAL_MPU_ConfigRegion
 .text.HAL_DAC_Init
                0x08001c68       0x44 ./Drivers/STM32H7xx_HAL_Driver/Src/stm32h7xx_hal_dac.o
                0x08001c68                HAL_DAC_Init
 .text.HAL_DAC_Start_DMA
                0x08001cac      0x180 ./Drivers/STM32H7xx_HAL_Driver/Src/stm32h7xx_hal_dac.o
                0x08001cac                HAL_DAC_Start_DMA
 .text.HAL_DAC_Stop_DMA
                0x08001e2c       0x9a ./Drivers/STM32H7xx_HAL_Driver/Src/stm32h7xx_hal_dac.o
                0x08001e2c                HAL_DAC_Stop_DMA
 .text.HAL_DAC_ConvCpltCallbackCh1
                0x08001ec6       0x14 ./Drivers/STM32H7xx_HAL_Driver/Src/stm32h7xx_hal_dac.o
                0x08001ec6                HAL_DAC_ConvCpltCallbackCh1
 .text.HAL_DAC_ConvHalfCpltCallbackCh1
                0x08001eda       0x14 ./Drivers/STM32H7xx_HAL_Driver/Src/stm32h7xx_hal_dac.o
                0x08001eda                HAL_DAC_ConvHalfCpltCallbackCh1
 .text.HAL_DAC_ErrorCallbackCh1
                0x08001eee       0x14 ./Drivers/STM32H7xx_HAL_Driver/Src/stm32h7xx_hal_dac.o
                0x08001eee                HAL_DAC_ErrorCallbackCh1
 *fill*         0x08001f02        0x2 
 .text.HAL_DAC_ConfigChannel
                0x08001f04      0x28c ./Drivers/STM32H7xx_HAL_Driver/Src/stm32h7xx_hal_dac.o
                0x08001f04                HAL_DAC_ConfigChannel
 .text.DAC_DMAConvCpltCh1
                0x08002190       0x22 ./Drivers/STM32H7xx_HAL_Driver/Src/stm32h7xx_hal_dac.o
                0x08002190                DAC_DMAConvCpltCh1
 .text.DAC_DMAHalfConvCpltCh1
                0x080021b2       0x1c ./Drivers/STM32H7xx_HAL_Driver/Src/stm32h7xx_hal_dac.o
                0x080021b2                DAC_DMAHalfConvCpltCh1
 .text.DAC_DMAErrorCh1
                0x080021ce       0x2e ./Drivers/STM32H7xx_HAL_Driver/Src/stm32h7xx_hal_dac.o
                0x080021ce                DAC_DMAErrorCh1
 .text.HAL_DACEx_ConvHalfCpltCallbackCh2
                0x080021fc       0x14 ./Drivers/STM32H7xx_HAL_Driver/Src/stm32h7xx_hal_dac_ex.o
                0x080021fc                HAL_DACEx_ConvHalfCpltCallbackCh2
 .text.HAL_DACEx_ErrorCallbackCh2
                0x08002210       0x14 ./Drivers/STM32H7xx_HAL_Driver/Src/stm32h7xx_hal_dac_ex.o
                0x08002210                HAL_DACEx_ErrorCallbackCh2
 .text.DAC_DMAConvCpltCh2
                0x08002224       0x22 ./Drivers/STM32H7xx_HAL_Driver/Src/stm32h7xx_hal_dac_ex.o
                0x08002224                DAC_DMAConvCpltCh2
 .text.DAC_DMAHalfConvCpltCh2
                0x08002246       0x1c ./Drivers/STM32H7xx_HAL_Driver/Src/stm32h7xx_hal_dac_ex.o
                0x08002246                DAC_DMAHalfConvCpltCh2
 .text.DAC_DMAErrorCh2
                0x08002262       0x2e ./Drivers/STM32H7xx_HAL_Driver/Src/stm32h7xx_hal_dac_ex.o
                0x08002262                DAC_DMAErrorCh2
 .text.HAL_DMA_Init
                0x08002290      0x6b8 ./Drivers/STM32H7xx_HAL_Driver/Src/stm32h7xx_hal_dma.o
                0x08002290                HAL_DMA_Init
 .text.HAL_DMA_Start_IT
                0x08002948      0x4d4 ./Drivers/STM32H7xx_HAL_Driver/Src/stm32h7xx_hal_dma.o
                0x08002948                HAL_DMA_Start_IT
 .text.HAL_DMA_Abort
                0x08002e1c      0x63c ./Drivers/STM32H7xx_HAL_Driver/Src/stm32h7xx_hal_dma.o
                0x08002e1c                HAL_DMA_Abort
 .text.HAL_DMA_Abort_IT
                0x08003458      0x48c ./Drivers/STM32H7xx_HAL_Driver/Src/stm32h7xx_hal_dma.o
                0x08003458                HAL_DMA_Abort_IT
 .text.HAL_DMA_IRQHandler
                0x080038e4      0xe54 ./Drivers/STM32H7xx_HAL_Driver/Src/stm32h7xx_hal_dma.o
                0x080038e4                HAL_DMA_IRQHandler
 .text.DMA_SetConfig
                0x08004738      0x358 ./Drivers/STM32H7xx_HAL_Driver/Src/stm32h7xx_hal_dma.o
 .text.DMA_CalcBaseAndBitshift
                0x08004a90      0x164 ./Drivers/STM32H7xx_HAL_Driver/Src/stm32h7xx_hal_dma.o
 .text.DMA_CheckFifoParam
                0x08004bf4       0xf8 ./Drivers/STM32H7xx_HAL_Driver/Src/stm32h7xx_hal_dma.o
 .text.DMA_CalcDMAMUXChannelBaseAndMask
                0x08004cec      0x134 ./Drivers/STM32H7xx_HAL_Driver/Src/stm32h7xx_hal_dma.o
 .text.DMA_CalcDMAMUXRequestGenBaseAndMask
                0x08004e20       0xe8 ./Drivers/STM32H7xx_HAL_Driver/Src/stm32h7xx_hal_dma.o
 .text.HAL_GPIO_Init
                0x08004f08      0x360 ./Drivers/STM32H7xx_HAL_Driver/Src/stm32h7xx_hal_gpio.o
                0x08004f08                HAL_GPIO_Init
 .text.HAL_GPIO_ReadPin
                0x08005268       0x30 ./Drivers/STM32H7xx_HAL_Driver/Src/stm32h7xx_hal_gpio.o
                0x08005268                HAL_GPIO_ReadPin
 .text.HAL_GPIO_WritePin
                0x08005298       0x32 ./Drivers/STM32H7xx_HAL_Driver/Src/stm32h7xx_hal_gpio.o
                0x08005298                HAL_GPIO_WritePin
 *fill*         0x080052ca        0x2 
 .text.HAL_PWREx_ConfigSupply
                0x080052cc       0x74 ./Drivers/STM32H7xx_HAL_Driver/Src/stm32h7xx_hal_pwr_ex.o
                0x080052cc                HAL_PWREx_ConfigSupply
 .text.HAL_RCC_OscConfig
                0x08005340      0x8b4 ./Drivers/STM32H7xx_HAL_Driver/Src/stm32h7xx_hal_rcc.o
                0x08005340                HAL_RCC_OscConfig
 .text.HAL_RCC_ClockConfig
                0x08005bf4      0x36c ./Drivers/STM32H7xx_HAL_Driver/Src/stm32h7xx_hal_rcc.o
                0x08005bf4                HAL_RCC_ClockConfig
 .text.HAL_RCC_GetSysClockFreq
                0x08005f60      0x2f4 ./Drivers/STM32H7xx_HAL_Driver/Src/stm32h7xx_hal_rcc.o
                0x08005f60                HAL_RCC_GetSysClockFreq
 .text.HAL_RCC_GetHCLKFreq
                0x08006254       0x60 ./Drivers/STM32H7xx_HAL_Driver/Src/stm32h7xx_hal_rcc.o
                0x08006254                HAL_RCC_GetHCLKFreq
 .text.HAL_RCC_GetPCLK1Freq
                0x080062b4       0x2c ./Drivers/STM32H7xx_HAL_Driver/Src/stm32h7xx_hal_rcc.o
                0x080062b4                HAL_RCC_GetPCLK1Freq
 .text.HAL_RCC_GetPCLK2Freq
                0x080062e0       0x2c ./Drivers/STM32H7xx_HAL_Driver/Src/stm32h7xx_hal_rcc.o
                0x080062e0                HAL_RCC_GetPCLK2Freq
 .text.HAL_RCCEx_PeriphCLKConfig
                0x0800630c     0x1414 ./Drivers/STM32H7xx_HAL_Driver/Src/stm32h7xx_hal_rcc_ex.o
                0x0800630c                HAL_RCCEx_PeriphCLKConfig
 .text.HAL_RCCEx_GetPeriphCLKFreq
                0x08007720      0xb00 ./Drivers/STM32H7xx_HAL_Driver/Src/stm32h7xx_hal_rcc_ex.o
                0x08007720                HAL_RCCEx_GetPeriphCLKFreq
 .text.HAL_RCCEx_GetD3PCLK1Freq
                0x08008220       0x2c ./Drivers/STM32H7xx_HAL_Driver/Src/stm32h7xx_hal_rcc_ex.o
                0x08008220                HAL_RCCEx_GetD3PCLK1Freq
 .text.HAL_RCCEx_GetPLL2ClockFreq
                0x0800824c      0x2a8 ./Drivers/STM32H7xx_HAL_Driver/Src/stm32h7xx_hal_rcc_ex.o
                0x0800824c                HAL_RCCEx_GetPLL2ClockFreq
 .text.HAL_RCCEx_GetPLL3ClockFreq
                0x080084f4      0x2a8 ./Drivers/STM32H7xx_HAL_Driver/Src/stm32h7xx_hal_rcc_ex.o
                0x080084f4                HAL_RCCEx_GetPLL3ClockFreq
 .text.HAL_RCCEx_GetPLL1ClockFreq
                0x0800879c      0x2a4 ./Drivers/STM32H7xx_HAL_Driver/Src/stm32h7xx_hal_rcc_ex.o
                0x0800879c                HAL_RCCEx_GetPLL1ClockFreq
 .text.RCCEx_PLL2_Config
                0x08008a40      0x164 ./Drivers/STM32H7xx_HAL_Driver/Src/stm32h7xx_hal_rcc_ex.o
 .text.RCCEx_PLL3_Config
                0x08008ba4      0x164 ./Drivers/STM32H7xx_HAL_Driver/Src/stm32h7xx_hal_rcc_ex.o
 .text.HAL_SD_Init
                0x08008d08      0x106 ./Drivers/STM32H7xx_HAL_Driver/Src/stm32h7xx_hal_sd.o
                0x08008d08                HAL_SD_Init
 *fill*         0x08008e0e        0x2 
 .text.HAL_SD_InitCard
                0x08008e10      0x138 ./Drivers/STM32H7xx_HAL_Driver/Src/stm32h7xx_hal_sd.o
                0x08008e10                HAL_SD_InitCard
 .text.HAL_SD_ReadBlocks_DMA
                0x08008f48      0x150 ./Drivers/STM32H7xx_HAL_Driver/Src/stm32h7xx_hal_sd.o
                0x08008f48                HAL_SD_ReadBlocks_DMA
 .text.HAL_SD_WriteBlocks_DMA
                0x08009098      0x150 ./Drivers/STM32H7xx_HAL_Driver/Src/stm32h7xx_hal_sd.o
                0x08009098                HAL_SD_WriteBlocks_DMA
 .text.HAL_SD_IRQHandler
                0x080091e8      0x370 ./Drivers/STM32H7xx_HAL_Driver/Src/stm32h7xx_hal_sd.o
                0x080091e8                HAL_SD_IRQHandler
 .text.HAL_SD_ErrorCallback
                0x08009558       0x14 ./Drivers/STM32H7xx_HAL_Driver/Src/stm32h7xx_hal_sd.o
                0x08009558                HAL_SD_ErrorCallback
 .text.HAL_SD_GetCardCSD
                0x0800956c      0x348 ./Drivers/STM32H7xx_HAL_Driver/Src/stm32h7xx_hal_sd.o
                0x0800956c                HAL_SD_GetCardCSD
 .text.HAL_SD_GetCardStatus
                0x080098b4      0x17c ./Drivers/STM32H7xx_HAL_Driver/Src/stm32h7xx_hal_sd.o
                0x080098b4                HAL_SD_GetCardStatus
 .text.HAL_SD_GetCardInfo
                0x08009a30       0x58 ./Drivers/STM32H7xx_HAL_Driver/Src/stm32h7xx_hal_sd.o
                0x08009a30                HAL_SD_GetCardInfo
 .text.HAL_SD_ConfigWideBusOperation
                0x08009a88      0x224 ./Drivers/STM32H7xx_HAL_Driver/Src/stm32h7xx_hal_sd.o
                0x08009a88                HAL_SD_ConfigWideBusOperation
 .text.HAL_SD_GetCardState
                0x08009cac       0x40 ./Drivers/STM32H7xx_HAL_Driver/Src/stm32h7xx_hal_sd.o
                0x08009cac                HAL_SD_GetCardState
 .text.SD_InitCard
                0x08009cec      0x19c ./Drivers/STM32H7xx_HAL_Driver/Src/stm32h7xx_hal_sd.o
 .text.SD_PowerON
                0x08009e88      0x11c ./Drivers/STM32H7xx_HAL_Driver/Src/stm32h7xx_hal_sd.o
 .text.SD_SendSDStatus
                0x08009fa4      0x1a0 ./Drivers/STM32H7xx_HAL_Driver/Src/stm32h7xx_hal_sd.o
 .text.SD_SendStatus
                0x0800a144       0x50 ./Drivers/STM32H7xx_HAL_Driver/Src/stm32h7xx_hal_sd.o
 .text.SD_WideBus_Enable
                0x0800a194       0x96 ./Drivers/STM32H7xx_HAL_Driver/Src/stm32h7xx_hal_sd.o
 .text.SD_WideBus_Disable
                0x0800a22a       0x96 ./Drivers/STM32H7xx_HAL_Driver/Src/stm32h7xx_hal_sd.o
 .text.SD_FindSCR
                0x0800a2c0      0x1a0 ./Drivers/STM32H7xx_HAL_Driver/Src/stm32h7xx_hal_sd.o
 .text.SD_Read_IT
                0x0800a460       0x8c ./Drivers/STM32H7xx_HAL_Driver/Src/stm32h7xx_hal_sd.o
 .text.SD_Write_IT
                0x0800a4ec       0x94 ./Drivers/STM32H7xx_HAL_Driver/Src/stm32h7xx_hal_sd.o
 .text.HAL_SDEx_Read_DMADoubleBuf0CpltCallback
                0x0800a580       0x14 ./Drivers/STM32H7xx_HAL_Driver/Src/stm32h7xx_hal_sd.o
                0x0800a580                HAL_SDEx_Read_DMADoubleBuf0CpltCallback
 .text.HAL_SDEx_Read_DMADoubleBuf1CpltCallback
                0x0800a594       0x14 ./Drivers/STM32H7xx_HAL_Driver/Src/stm32h7xx_hal_sd.o
                0x0800a594                HAL_SDEx_Read_DMADoubleBuf1CpltCallback
 .text.HAL_SDEx_Write_DMADoubleBuf0CpltCallback
                0x0800a5a8       0x14 ./Drivers/STM32H7xx_HAL_Driver/Src/stm32h7xx_hal_sd.o
                0x0800a5a8                HAL_SDEx_Write_DMADoubleBuf0CpltCallback
 .text.HAL_SDEx_Write_DMADoubleBuf1CpltCallback
                0x0800a5bc       0x14 ./Drivers/STM32H7xx_HAL_Driver/Src/stm32h7xx_hal_sd.o
                0x0800a5bc                HAL_SDEx_Write_DMADoubleBuf1CpltCallback
 .text.HAL_TIM_Base_Init
                0x0800a5d0       0xae ./Drivers/STM32H7xx_HAL_Driver/Src/stm32h7xx_hal_tim.o
                0x0800a5d0                HAL_TIM_Base_Init
 *fill*         0x0800a67e        0x2 
 .text.HAL_TIM_Base_Start
                0x0800a680       0xe0 ./Drivers/STM32H7xx_HAL_Driver/Src/stm32h7xx_hal_tim.o
                0x0800a680                HAL_TIM_Base_Start
 .text.HAL_TIM_Base_Stop
                0x0800a760       0x4e ./Drivers/STM32H7xx_HAL_Driver/Src/stm32h7xx_hal_tim.o
                0x0800a760                HAL_TIM_Base_Stop
 *fill*         0x0800a7ae        0x2 
 .text.TIM_Base_SetConfig
                0x0800a7b0      0x140 ./Drivers/STM32H7xx_HAL_Driver/Src/stm32h7xx_hal_tim.o
                0x0800a7b0                TIM_Base_SetConfig
 .text.HAL_TIMEx_MasterConfigSynchronization
                0x0800a8f0      0x11c ./Drivers/STM32H7xx_HAL_Driver/Src/stm32h7xx_hal_tim_ex.o
                0x0800a8f0                HAL_TIMEx_MasterConfigSynchronization
 .text.HAL_UART_Init
                0x0800aa0c       0xa0 ./Drivers/STM32H7xx_HAL_Driver/Src/stm32h7xx_hal_uart.o
                0x0800aa0c                HAL_UART_Init
 .text.HAL_UART_Transmit
                0x0800aaac      0x11c ./Drivers/STM32H7xx_HAL_Driver/Src/stm32h7xx_hal_uart.o
                0x0800aaac                HAL_UART_Transmit
 .text.HAL_UART_IRQHandler
                0x0800abc8      0x7ac ./Drivers/STM32H7xx_HAL_Driver/Src/stm32h7xx_hal_uart.o
                0x0800abc8                HAL_UART_IRQHandler
 .text.HAL_UART_TxCpltCallback
                0x0800b374       0x14 ./Drivers/STM32H7xx_HAL_Driver/Src/stm32h7xx_hal_uart.o
                0x0800b374                HAL_UART_TxCpltCallback
 .text.HAL_UART_ErrorCallback
                0x0800b388       0x14 ./Drivers/STM32H7xx_HAL_Driver/Src/stm32h7xx_hal_uart.o
                0x0800b388                HAL_UART_ErrorCallback
 .text.HAL_UARTEx_RxEventCallback
                0x0800b39c       0x18 ./Drivers/STM32H7xx_HAL_Driver/Src/stm32h7xx_hal_uart.o
                0x0800b39c                HAL_UARTEx_RxEventCallback
 .text.UART_SetConfig
                0x0800b3b4      0xad0 ./Drivers/STM32H7xx_HAL_Driver/Src/stm32h7xx_hal_uart.o
                0x0800b3b4                UART_SetConfig
 .text.UART_AdvFeatureConfig
                0x0800be84      0x144 ./Drivers/STM32H7xx_HAL_Driver/Src/stm32h7xx_hal_uart.o
                0x0800be84                UART_AdvFeatureConfig
 .text.UART_CheckIdleState
                0x0800bfc8      0x154 ./Drivers/STM32H7xx_HAL_Driver/Src/stm32h7xx_hal_uart.o
                0x0800bfc8                UART_CheckIdleState
 .text.UART_WaitOnFlagUntilTimeout
                0x0800c11c       0xda ./Drivers/STM32H7xx_HAL_Driver/Src/stm32h7xx_hal_uart.o
                0x0800c11c                UART_WaitOnFlagUntilTimeout
 *fill*         0x0800c1f6        0x2 
 .text.UART_EndRxTransfer
                0x0800c1f8       0xcc ./Drivers/STM32H7xx_HAL_Driver/Src/stm32h7xx_hal_uart.o
 .text.UART_DMAAbortOnError
                0x0800c2c4       0x24 ./Drivers/STM32H7xx_HAL_Driver/Src/stm32h7xx_hal_uart.o
 .text.UART_EndTransmit_IT
                0x0800c2e8       0x56 ./Drivers/STM32H7xx_HAL_Driver/Src/stm32h7xx_hal_uart.o
 .text.HAL_UARTEx_WakeupCallback
                0x0800c33e       0x14 ./Drivers/STM32H7xx_HAL_Driver/Src/stm32h7xx_hal_uart_ex.o
                0x0800c33e                HAL_UARTEx_WakeupCallback
 .text.HAL_UARTEx_RxFifoFullCallback
                0x0800c352       0x14 ./Drivers/STM32H7xx_HAL_Driver/Src/stm32h7xx_hal_uart_ex.o
                0x0800c352                HAL_UARTEx_RxFifoFullCallback
 .text.HAL_UARTEx_TxFifoEmptyCallback
                0x0800c366       0x14 ./Drivers/STM32H7xx_HAL_Driver/Src/stm32h7xx_hal_uart_ex.o
                0x0800c366                HAL_UARTEx_TxFifoEmptyCallback
 .text.HAL_UARTEx_DisableFifoMode
                0x0800c37a       0x72 ./Drivers/STM32H7xx_HAL_Driver/Src/stm32h7xx_hal_uart_ex.o
                0x0800c37a                HAL_UARTEx_DisableFifoMode
 .text.HAL_UARTEx_SetTxFifoThreshold
                0x0800c3ec       0x7c ./Drivers/STM32H7xx_HAL_Driver/Src/stm32h7xx_hal_uart_ex.o
                0x0800c3ec                HAL_UARTEx_SetTxFifoThreshold
 .text.HAL_UARTEx_SetRxFifoThreshold
                0x0800c468       0x7c ./Drivers/STM32H7xx_HAL_Driver/Src/stm32h7xx_hal_uart_ex.o
                0x0800c468                HAL_UARTEx_SetRxFifoThreshold
 .text.UARTEx_SetNbDataToProcess
                0x0800c4e4       0x9c ./Drivers/STM32H7xx_HAL_Driver/Src/stm32h7xx_hal_uart_ex.o
 .text.SDMMC_Init
                0x0800c580       0x54 ./Drivers/STM32H7xx_HAL_Driver/Src/stm32h7xx_ll_sdmmc.o
                0x0800c580                SDMMC_Init
 .text.SDMMC_ReadFIFO
                0x0800c5d4       0x1a ./Drivers/STM32H7xx_HAL_Driver/Src/stm32h7xx_ll_sdmmc.o
                0x0800c5d4                SDMMC_ReadFIFO
 .text.SDMMC_WriteFIFO
                0x0800c5ee       0x22 ./Drivers/STM32H7xx_HAL_Driver/Src/stm32h7xx_ll_sdmmc.o
                0x0800c5ee                SDMMC_WriteFIFO
 .text.SDMMC_PowerState_ON
                0x0800c610       0x22 ./Drivers/STM32H7xx_HAL_Driver/Src/stm32h7xx_ll_sdmmc.o
                0x0800c610                SDMMC_PowerState_ON
 .text.SDMMC_GetPowerState
                0x0800c632       0x1c ./Drivers/STM32H7xx_HAL_Driver/Src/stm32h7xx_ll_sdmmc.o
                0x0800c632                SDMMC_GetPowerState
 *fill*         0x0800c64e        0x2 
 .text.SDMMC_SendCommand
                0x0800c650       0x54 ./Drivers/STM32H7xx_HAL_Driver/Src/stm32h7xx_ll_sdmmc.o
                0x0800c650                SDMMC_SendCommand
 .text.SDMMC_GetCommandResponse
                0x0800c6a4       0x1a ./Drivers/STM32H7xx_HAL_Driver/Src/stm32h7xx_ll_sdmmc.o
                0x0800c6a4                SDMMC_GetCommandResponse
 .text.SDMMC_GetResponse
                0x0800c6be       0x26 ./Drivers/STM32H7xx_HAL_Driver/Src/stm32h7xx_ll_sdmmc.o
                0x0800c6be                SDMMC_GetResponse
 .text.SDMMC_ConfigData
                0x0800c6e4       0x58 ./Drivers/STM32H7xx_HAL_Driver/Src/stm32h7xx_ll_sdmmc.o
                0x0800c6e4                SDMMC_ConfigData
 .text.SDMMC_CmdBlockLength
                0x0800c73c       0x46 ./Drivers/STM32H7xx_HAL_Driver/Src/stm32h7xx_ll_sdmmc.o
                0x0800c73c                SDMMC_CmdBlockLength
 .text.SDMMC_CmdReadSingleBlock
                0x0800c782       0x46 ./Drivers/STM32H7xx_HAL_Driver/Src/stm32h7xx_ll_sdmmc.o
                0x0800c782                SDMMC_CmdReadSingleBlock
 .text.SDMMC_CmdReadMultiBlock
                0x0800c7c8       0x46 ./Drivers/STM32H7xx_HAL_Driver/Src/stm32h7xx_ll_sdmmc.o
                0x0800c7c8                SDMMC_CmdReadMultiBlock
 .text.SDMMC_CmdWriteSingleBlock
                0x0800c80e       0x46 ./Drivers/STM32H7xx_HAL_Driver/Src/stm32h7xx_ll_sdmmc.o
                0x0800c80e                SDMMC_CmdWriteSingleBlock
 .text.SDMMC_CmdWriteMultiBlock
                0x0800c854       0x46 ./Drivers/STM32H7xx_HAL_Driver/Src/stm32h7xx_ll_sdmmc.o
                0x0800c854                SDMMC_CmdWriteMultiBlock
 *fill*         0x0800c89a        0x2 
 .text.SDMMC_CmdStopTransfer
                0x0800c89c       0x78 ./Drivers/STM32H7xx_HAL_Driver/Src/stm32h7xx_ll_sdmmc.o
                0x0800c89c                SDMMC_CmdStopTransfer
 .text.SDMMC_CmdSelDesel
                0x0800c914       0x46 ./Drivers/STM32H7xx_HAL_Driver/Src/stm32h7xx_ll_sdmmc.o
                0x0800c914                SDMMC_CmdSelDesel
 .text.SDMMC_CmdGoIdleState
                0x0800c95a       0x3c ./Drivers/STM32H7xx_HAL_Driver/Src/stm32h7xx_ll_sdmmc.o
                0x0800c95a                SDMMC_CmdGoIdleState
 .text.SDMMC_CmdOperCond
                0x0800c996       0x40 ./Drivers/STM32H7xx_HAL_Driver/Src/stm32h7xx_ll_sdmmc.o
                0x0800c996                SDMMC_CmdOperCond
 .text.SDMMC_CmdAppCommand
                0x0800c9d6       0x46 ./Drivers/STM32H7xx_HAL_Driver/Src/stm32h7xx_ll_sdmmc.o
                0x0800c9d6                SDMMC_CmdAppCommand
 .text.SDMMC_CmdAppOperCommand
                0x0800ca1c       0x40 ./Drivers/STM32H7xx_HAL_Driver/Src/stm32h7xx_ll_sdmmc.o
                0x0800ca1c                SDMMC_CmdAppOperCommand
 .text.SDMMC_CmdBusWidth
                0x0800ca5c       0x46 ./Drivers/STM32H7xx_HAL_Driver/Src/stm32h7xx_ll_sdmmc.o
                0x0800ca5c                SDMMC_CmdBusWidth
 .text.SDMMC_CmdSendSCR
                0x0800caa2       0x44 ./Drivers/STM32H7xx_HAL_Driver/Src/stm32h7xx_ll_sdmmc.o
                0x0800caa2                SDMMC_CmdSendSCR
 .text.SDMMC_CmdSendCID
                0x0800cae6       0x3e ./Drivers/STM32H7xx_HAL_Driver/Src/stm32h7xx_ll_sdmmc.o
                0x0800cae6                SDMMC_CmdSendCID
 .text.SDMMC_CmdSendCSD
                0x0800cb24       0x40 ./Drivers/STM32H7xx_HAL_Driver/Src/stm32h7xx_ll_sdmmc.o
                0x0800cb24                SDMMC_CmdSendCSD
 .text.SDMMC_CmdSetRelAdd
                0x0800cb64       0x44 ./Drivers/STM32H7xx_HAL_Driver/Src/stm32h7xx_ll_sdmmc.o
                0x0800cb64                SDMMC_CmdSetRelAdd
 .text.SDMMC_CmdSendStatus
                0x0800cba8       0x46 ./Drivers/STM32H7xx_HAL_Driver/Src/stm32h7xx_ll_sdmmc.o
                0x0800cba8                SDMMC_CmdSendStatus
 .text.SDMMC_CmdStatusRegister
                0x0800cbee       0x44 ./Drivers/STM32H7xx_HAL_Driver/Src/stm32h7xx_ll_sdmmc.o
                0x0800cbee                SDMMC_CmdStatusRegister
 *fill*         0x0800cc32        0x2 
 .text.SDMMC_GetCmdResp1
                0x0800cc34      0x1e4 ./Drivers/STM32H7xx_HAL_Driver/Src/stm32h7xx_ll_sdmmc.o
                0x0800cc34                SDMMC_GetCmdResp1
 .text.SDMMC_GetCmdResp2
                0x0800ce18       0x94 ./Drivers/STM32H7xx_HAL_Driver/Src/stm32h7xx_ll_sdmmc.o
                0x0800ce18                SDMMC_GetCmdResp2
 .text.SDMMC_GetCmdResp3
                0x0800ceac       0x80 ./Drivers/STM32H7xx_HAL_Driver/Src/stm32h7xx_ll_sdmmc.o
                0x0800ceac                SDMMC_GetCmdResp3
 .text.SDMMC_GetCmdResp6
                0x0800cf2c       0xf0 ./Drivers/STM32H7xx_HAL_Driver/Src/stm32h7xx_ll_sdmmc.o
                0x0800cf2c                SDMMC_GetCmdResp6
 .text.SDMMC_GetCmdResp7
                0x0800d01c       0x9c ./Drivers/STM32H7xx_HAL_Driver/Src/stm32h7xx_ll_sdmmc.o
                0x0800d01c                SDMMC_GetCmdResp7
 .text.SDMMC_GetCmdError
                0x0800d0b8       0x5c ./Drivers/STM32H7xx_HAL_Driver/Src/stm32h7xx_ll_sdmmc.o
 .text.MX_FATFS_Init
                0x0800d114       0x24 ./FATFS/App/fatfs.o
                0x0800d114                MX_FATFS_Init
 .text.get_fattime
                0x0800d138       0x10 ./FATFS/App/fatfs.o
                0x0800d138                get_fattime
 .text.BSP_SD_Init
                0x0800d148       0x4c ./FATFS/Target/bsp_driver_sd.o
                0x0800d148                BSP_SD_Init
 .text.BSP_SD_ReadBlocks_DMA
                0x0800d194       0x34 ./FATFS/Target/bsp_driver_sd.o
                0x0800d194                BSP_SD_ReadBlocks_DMA
 .text.BSP_SD_WriteBlocks_DMA
                0x0800d1c8       0x34 ./FATFS/Target/bsp_driver_sd.o
                0x0800d1c8                BSP_SD_WriteBlocks_DMA
 .text.BSP_SD_GetCardState
                0x0800d1fc       0x20 ./FATFS/Target/bsp_driver_sd.o
                0x0800d1fc                BSP_SD_GetCardState
 .text.BSP_SD_GetCardInfo
                0x0800d21c       0x1c ./FATFS/Target/bsp_driver_sd.o
                0x0800d21c                BSP_SD_GetCardInfo
 .text.HAL_SD_TxCpltCallback
                0x0800d238       0x14 ./FATFS/Target/bsp_driver_sd.o
                0x0800d238                HAL_SD_TxCpltCallback
 .text.HAL_SD_RxCpltCallback
                0x0800d24c       0x14 ./FATFS/Target/bsp_driver_sd.o
                0x0800d24c                HAL_SD_RxCpltCallback
 .text.BSP_SD_IsDetected
                0x0800d260       0x24 ./FATFS/Target/bsp_driver_sd.o
                0x0800d260                BSP_SD_IsDetected
 .text.BSP_PlatformIsDetected
                0x0800d284       0x2c ./FATFS/Target/fatfs_platform.o
                0x0800d284                BSP_PlatformIsDetected
 .text.SD_CheckStatusWithTimeout
                0x0800d2b0       0x3a ./FATFS/Target/sd_diskio.o
 *fill*         0x0800d2ea        0x2 
 .text.SD_CheckStatus
                0x0800d2ec       0x3c ./FATFS/Target/sd_diskio.o
 .text.SD_initialize
                0x0800d328       0x38 ./FATFS/Target/sd_diskio.o
                0x0800d328                SD_initialize
 .text.SD_status
                0x0800d360       0x1c ./FATFS/Target/sd_diskio.o
                0x0800d360                SD_status
 .text.SD_read  0x0800d37c       0xac ./FATFS/Target/sd_diskio.o
                0x0800d37c                SD_read
 .text.SD_write
                0x0800d428       0xac ./FATFS/Target/sd_diskio.o
                0x0800d428                SD_write
 .text.SD_ioctl
                0x0800d4d4       0xb0 ./FATFS/Target/sd_diskio.o
                0x0800d4d4                SD_ioctl
 .text.BSP_SD_WriteCpltCallback
                0x0800d584       0x18 ./FATFS/Target/sd_diskio.o
                0x0800d584                BSP_SD_WriteCpltCallback
 .text.BSP_SD_ReadCpltCallback
                0x0800d59c       0x18 ./FATFS/Target/sd_diskio.o
                0x0800d59c                BSP_SD_ReadCpltCallback
 .text.disk_status
                0x0800d5b4       0x34 ./Middlewares/Third_Party/FatFs/src/diskio.o
                0x0800d5b4                disk_status
 .text.disk_initialize
                0x0800d5e8       0x50 ./Middlewares/Third_Party/FatFs/src/diskio.o
                0x0800d5e8                disk_initialize
 .text.disk_read
                0x0800d638       0x40 ./Middlewares/Third_Party/FatFs/src/diskio.o
                0x0800d638                disk_read
 .text.disk_write
                0x0800d678       0x40 ./Middlewares/Third_Party/FatFs/src/diskio.o
                0x0800d678                disk_write
 .text.ld_word  0x0800d6b8       0x32 ./Middlewares/Third_Party/FatFs/src/ff.o
 .text.ld_dword
                0x0800d6ea       0x46 ./Middlewares/Third_Party/FatFs/src/ff.o
 .text.st_word  0x0800d730       0x36 ./Middlewares/Third_Party/FatFs/src/ff.o
 .text.st_dword
                0x0800d766       0x58 ./Middlewares/Third_Party/FatFs/src/ff.o
 .text.mem_cpy  0x0800d7be       0x42 ./Middlewares/Third_Party/FatFs/src/ff.o
 .text.mem_set  0x0800d800       0x36 ./Middlewares/Third_Party/FatFs/src/ff.o
 .text.mem_cmp  0x0800d836       0x4e ./Middlewares/Third_Party/FatFs/src/ff.o
 .text.chk_chr  0x0800d884       0x36 ./Middlewares/Third_Party/FatFs/src/ff.o
 *fill*         0x0800d8ba        0x2 
 .text.chk_lock
                0x0800d8bc       0xb8 ./Middlewares/Third_Party/FatFs/src/ff.o
 .text.enq_lock
                0x0800d974       0x44 ./Middlewares/Third_Party/FatFs/src/ff.o
 .text.inc_lock
                0x0800d9b8      0x11c ./Middlewares/Third_Party/FatFs/src/ff.o
 .text.clear_lock
                0x0800dad4       0x48 ./Middlewares/Third_Party/FatFs/src/ff.o
 .text.sync_window
                0x0800db1c       0x88 ./Middlewares/Third_Party/FatFs/src/ff.o
 .text.move_window
                0x0800dba4       0x5a ./Middlewares/Third_Party/FatFs/src/ff.o
 .text.clust2sect
                0x0800dbfe       0x3e ./Middlewares/Third_Party/FatFs/src/ff.o
 .text.get_fat  0x0800dc3c      0x14e ./Middlewares/Third_Party/FatFs/src/ff.o
 .text.put_fat  0x0800dd8a      0x1d4 ./Middlewares/Third_Party/FatFs/src/ff.o
 .text.remove_chain
                0x0800df5e       0xca ./Middlewares/Third_Party/FatFs/src/ff.o
 .text.create_chain
                0x0800e028      0x130 ./Middlewares/Third_Party/FatFs/src/ff.o
 .text.clmt_clust
                0x0800e158       0x68 ./Middlewares/Third_Party/FatFs/src/ff.o
 .text.dir_sdi  0x0800e1c0       0xf6 ./Middlewares/Third_Party/FatFs/src/ff.o
 .text.dir_next
                0x0800e2b6      0x18a ./Middlewares/Third_Party/FatFs/src/ff.o
 .text.dir_alloc
                0x0800e440       0x8e ./Middlewares/Third_Party/FatFs/src/ff.o
 .text.ld_clust
                0x0800e4ce       0x3e ./Middlewares/Third_Party/FatFs/src/ff.o
 .text.st_clust
                0x0800e50c       0x40 ./Middlewares/Third_Party/FatFs/src/ff.o
 .text.cmp_lfn  0x0800e54c       0xe0 ./Middlewares/Third_Party/FatFs/src/ff.o
 .text.put_lfn  0x0800e62c       0xd0 ./Middlewares/Third_Party/FatFs/src/ff.o
 .text.gen_numname
                0x0800e6fc      0x11c ./Middlewares/Third_Party/FatFs/src/ff.o
 .text.sum_sfn  0x0800e818       0x42 ./Middlewares/Third_Party/FatFs/src/ff.o
 .text.dir_find
                0x0800e85a      0x180 ./Middlewares/Third_Party/FatFs/src/ff.o
 *fill*         0x0800e9da        0x2 
 .text.dir_register
                0x0800e9dc      0x1f0 ./Middlewares/Third_Party/FatFs/src/ff.o
 .text.create_name
                0x0800ebcc      0x370 ./Middlewares/Third_Party/FatFs/src/ff.o
 .text.follow_path
                0x0800ef3c       0xe2 ./Middlewares/Third_Party/FatFs/src/ff.o
 .text.get_ldnumber
                0x0800f01e       0x88 ./Middlewares/Third_Party/FatFs/src/ff.o
 *fill*         0x0800f0a6        0x2 
 .text.check_fs
                0x0800f0a8       0xac ./Middlewares/Third_Party/FatFs/src/ff.o
 .text.find_volume
                0x0800f154      0x4a0 ./Middlewares/Third_Party/FatFs/src/ff.o
 .text.validate
                0x0800f5f4       0x6a ./Middlewares/Third_Party/FatFs/src/ff.o
 *fill*         0x0800f65e        0x2 
 .text.f_mount  0x0800f660       0x8c ./Middlewares/Third_Party/FatFs/src/ff.o
                0x0800f660                f_mount
 .text.f_open   0x0800f6ec      0x374 ./Middlewares/Third_Party/FatFs/src/ff.o
                0x0800f6ec                f_open
 .text.f_read   0x0800fa60      0x27e ./Middlewares/Third_Party/FatFs/src/ff.o
                0x0800fa60                f_read
 .text.f_lseek  0x0800fcde      0x412 ./Middlewares/Third_Party/FatFs/src/ff.o
                0x0800fcde                f_lseek
 .text.FATFS_LinkDriverEx
                0x080100f0       0x98 ./Middlewares/Third_Party/FatFs/src/ff_gen_drv.o
                0x080100f0                FATFS_LinkDriverEx
 .text.FATFS_LinkDriver
                0x08010188       0x1e ./Middlewares/Third_Party/FatFs/src/ff_gen_drv.o
                0x08010188                FATFS_LinkDriver
 *fill*         0x080101a6        0x2 
 .text.ff_convert
                0x080101a8       0x78 ./Middlewares/Third_Party/FatFs/src/option/ccsbcs.o
                0x080101a8                ff_convert
 .text.ff_wtoupper
                0x08010220      0x114 ./Middlewares/Third_Party/FatFs/src/option/ccsbcs.o
                0x08010220                ff_wtoupper
 .text.std      0x08010334       0x6c D:/ST/STM32CubeIDE_1.19.0/STM32CubeIDE/plugins/com.st.stm32cube.ide.mcu.externaltools.gnu-tools-for-stm32.13.3.rel1.win32_1.0.0.202411081344/tools/bin/../lib/gcc/arm-none-eabi/13.3.1/../../../../arm-none-eabi/lib/thumb/v7e-m+dp/hard\libc_nano.a(libc_a-findfp.o)
 .text.stdio_exit_handler
                0x080103a0       0x18 D:/ST/STM32CubeIDE_1.19.0/STM32CubeIDE/plugins/com.st.stm32cube.ide.mcu.externaltools.gnu-tools-for-stm32.13.3.rel1.win32_1.0.0.202411081344/tools/bin/../lib/gcc/arm-none-eabi/13.3.1/../../../../arm-none-eabi/lib/thumb/v7e-m+dp/hard\libc_nano.a(libc_a-findfp.o)
 .text.cleanup_stdio
                0x080103b8       0x40 D:/ST/STM32CubeIDE_1.19.0/STM32CubeIDE/plugins/com.st.stm32cube.ide.mcu.externaltools.gnu-tools-for-stm32.13.3.rel1.win32_1.0.0.202411081344/tools/bin/../lib/gcc/arm-none-eabi/13.3.1/../../../../arm-none-eabi/lib/thumb/v7e-m+dp/hard\libc_nano.a(libc_a-findfp.o)
 .text.global_stdio_init.part.0
                0x080103f8       0x3c D:/ST/STM32CubeIDE_1.19.0/STM32CubeIDE/plugins/com.st.stm32cube.ide.mcu.externaltools.gnu-tools-for-stm32.13.3.rel1.win32_1.0.0.202411081344/tools/bin/../lib/gcc/arm-none-eabi/13.3.1/../../../../arm-none-eabi/lib/thumb/v7e-m+dp/hard\libc_nano.a(libc_a-findfp.o)
 .text.__sfp_lock_acquire
                0x08010434        0xc D:/ST/STM32CubeIDE_1.19.0/STM32CubeIDE/plugins/com.st.stm32cube.ide.mcu.externaltools.gnu-tools-for-stm32.13.3.rel1.win32_1.0.0.202411081344/tools/bin/../lib/gcc/arm-none-eabi/13.3.1/../../../../arm-none-eabi/lib/thumb/v7e-m+dp/hard\libc_nano.a(libc_a-findfp.o)
                0x08010434                __sfp_lock_acquire
 .text.__sfp_lock_release
                0x08010440        0xc D:/ST/STM32CubeIDE_1.19.0/STM32CubeIDE/plugins/com.st.stm32cube.ide.mcu.externaltools.gnu-tools-for-stm32.13.3.rel1.win32_1.0.0.202411081344/tools/bin/../lib/gcc/arm-none-eabi/13.3.1/../../../../arm-none-eabi/lib/thumb/v7e-m+dp/hard\libc_nano.a(libc_a-findfp.o)
                0x08010440                __sfp_lock_release
 .text.__sinit  0x0801044c       0x30 D:/ST/STM32CubeIDE_1.19.0/STM32CubeIDE/plugins/com.st.stm32cube.ide.mcu.externaltools.gnu-tools-for-stm32.13.3.rel1.win32_1.0.0.202411081344/tools/bin/../lib/gcc/arm-none-eabi/13.3.1/../../../../arm-none-eabi/lib/thumb/v7e-m+dp/hard\libc_nano.a(libc_a-findfp.o)
                0x0801044c                __sinit
 .text._fwalk_sglue
                0x0801047c       0x3c D:/ST/STM32CubeIDE_1.19.0/STM32CubeIDE/plugins/com.st.stm32cube.ide.mcu.externaltools.gnu-tools-for-stm32.13.3.rel1.win32_1.0.0.202411081344/tools/bin/../lib/gcc/arm-none-eabi/13.3.1/../../../../arm-none-eabi/lib/thumb/v7e-m+dp/hard\libc_nano.a(libc_a-fwalk.o)
                0x0801047c                _fwalk_sglue
 .text.printf   0x080104b8       0x24 D:/ST/STM32CubeIDE_1.19.0/STM32CubeIDE/plugins/com.st.stm32cube.ide.mcu.externaltools.gnu-tools-for-stm32.13.3.rel1.win32_1.0.0.202411081344/tools/bin/../lib/gcc/arm-none-eabi/13.3.1/../../../../arm-none-eabi/lib/thumb/v7e-m+dp/hard\libc_nano.a(libc_a-printf.o)
                0x080104b8                iprintf
                0x080104b8                printf
 .text._puts_r  0x080104dc       0xaa D:/ST/STM32CubeIDE_1.19.0/STM32CubeIDE/plugins/com.st.stm32cube.ide.mcu.externaltools.gnu-tools-for-stm32.13.3.rel1.win32_1.0.0.202411081344/tools/bin/../lib/gcc/arm-none-eabi/13.3.1/../../../../arm-none-eabi/lib/thumb/v7e-m+dp/hard\libc_nano.a(libc_a-puts.o)
                0x080104dc                _puts_r
 *fill*         0x08010586        0x2 
 .text.puts     0x08010588       0x10 D:/ST/STM32CubeIDE_1.19.0/STM32CubeIDE/plugins/com.st.stm32cube.ide.mcu.externaltools.gnu-tools-for-stm32.13.3.rel1.win32_1.0.0.202411081344/tools/bin/../lib/gcc/arm-none-eabi/13.3.1/../../../../arm-none-eabi/lib/thumb/v7e-m+dp/hard\libc_nano.a(libc_a-puts.o)
                0x08010588                puts
 .text.__sread  0x08010598       0x22 D:/ST/STM32CubeIDE_1.19.0/STM32CubeIDE/plugins/com.st.stm32cube.ide.mcu.externaltools.gnu-tools-for-stm32.13.3.rel1.win32_1.0.0.202411081344/tools/bin/../lib/gcc/arm-none-eabi/13.3.1/../../../../arm-none-eabi/lib/thumb/v7e-m+dp/hard\libc_nano.a(libc_a-stdio.o)
                0x08010598                __sread
 .text.__swrite
                0x080105ba       0x38 D:/ST/STM32CubeIDE_1.19.0/STM32CubeIDE/plugins/com.st.stm32cube.ide.mcu.externaltools.gnu-tools-for-stm32.13.3.rel1.win32_1.0.0.202411081344/tools/bin/../lib/gcc/arm-none-eabi/13.3.1/../../../../arm-none-eabi/lib/thumb/v7e-m+dp/hard\libc_nano.a(libc_a-stdio.o)
                0x080105ba                __swrite
 .text.__sseek  0x080105f2       0x24 D:/ST/STM32CubeIDE_1.19.0/STM32CubeIDE/plugins/com.st.stm32cube.ide.mcu.externaltools.gnu-tools-for-stm32.13.3.rel1.win32_1.0.0.202411081344/tools/bin/../lib/gcc/arm-none-eabi/13.3.1/../../../../arm-none-eabi/lib/thumb/v7e-m+dp/hard\libc_nano.a(libc_a-stdio.o)
                0x080105f2                __sseek
 .text.__sclose
                0x08010616        0x8 D:/ST/STM32CubeIDE_1.19.0/STM32CubeIDE/plugins/com.st.stm32cube.ide.mcu.externaltools.gnu-tools-for-stm32.13.3.rel1.win32_1.0.0.202411081344/tools/bin/../lib/gcc/arm-none-eabi/13.3.1/../../../../arm-none-eabi/lib/thumb/v7e-m+dp/hard\libc_nano.a(libc_a-stdio.o)
                0x08010616                __sclose
 .text.__swbuf_r
                0x0801061e       0x7c D:/ST/STM32CubeIDE_1.19.0/STM32CubeIDE/plugins/com.st.stm32cube.ide.mcu.externaltools.gnu-tools-for-stm32.13.3.rel1.win32_1.0.0.202411081344/tools/bin/../lib/gcc/arm-none-eabi/13.3.1/../../../../arm-none-eabi/lib/thumb/v7e-m+dp/hard\libc_nano.a(libc_a-wbuf.o)
                0x0801061e                __swbuf_r
 *fill*         0x0801069a        0x2 
 .text.__swsetup_r
                0x0801069c       0xac D:/ST/STM32CubeIDE_1.19.0/STM32CubeIDE/plugins/com.st.stm32cube.ide.mcu.externaltools.gnu-tools-for-stm32.13.3.rel1.win32_1.0.0.202411081344/tools/bin/../lib/gcc/arm-none-eabi/13.3.1/../../../../arm-none-eabi/lib/thumb/v7e-m+dp/hard\libc_nano.a(libc_a-wsetup.o)
                0x0801069c                __swsetup_r
 .text.memset   0x08010748       0x10 D:/ST/STM32CubeIDE_1.19.0/STM32CubeIDE/plugins/com.st.stm32cube.ide.mcu.externaltools.gnu-tools-for-stm32.13.3.rel1.win32_1.0.0.202411081344/tools/bin/../lib/gcc/arm-none-eabi/13.3.1/../../../../arm-none-eabi/lib/thumb/v7e-m+dp/hard\libc_nano.a(libc_a-memset.o)
                0x08010748                memset
 .text._close_r
                0x08010758       0x20 D:/ST/STM32CubeIDE_1.19.0/STM32CubeIDE/plugins/com.st.stm32cube.ide.mcu.externaltools.gnu-tools-for-stm32.13.3.rel1.win32_1.0.0.202411081344/tools/bin/../lib/gcc/arm-none-eabi/13.3.1/../../../../arm-none-eabi/lib/thumb/v7e-m+dp/hard\libc_nano.a(libc_a-closer.o)
                0x08010758                _close_r
 .text._lseek_r
                0x08010778       0x24 D:/ST/STM32CubeIDE_1.19.0/STM32CubeIDE/plugins/com.st.stm32cube.ide.mcu.externaltools.gnu-tools-for-stm32.13.3.rel1.win32_1.0.0.202411081344/tools/bin/../lib/gcc/arm-none-eabi/13.3.1/../../../../arm-none-eabi/lib/thumb/v7e-m+dp/hard\libc_nano.a(libc_a-lseekr.o)
                0x08010778                _lseek_r
 .text._read_r  0x0801079c       0x24 D:/ST/STM32CubeIDE_1.19.0/STM32CubeIDE/plugins/com.st.stm32cube.ide.mcu.externaltools.gnu-tools-for-stm32.13.3.rel1.win32_1.0.0.202411081344/tools/bin/../lib/gcc/arm-none-eabi/13.3.1/../../../../arm-none-eabi/lib/thumb/v7e-m+dp/hard\libc_nano.a(libc_a-readr.o)
                0x0801079c                _read_r
 .text._write_r
                0x080107c0       0x24 D:/ST/STM32CubeIDE_1.19.0/STM32CubeIDE/plugins/com.st.stm32cube.ide.mcu.externaltools.gnu-tools-for-stm32.13.3.rel1.win32_1.0.0.202411081344/tools/bin/../lib/gcc/arm-none-eabi/13.3.1/../../../../arm-none-eabi/lib/thumb/v7e-m+dp/hard\libc_nano.a(libc_a-writer.o)
                0x080107c0                _write_r
 .text.__errno  0x080107e4        0xc D:/ST/STM32CubeIDE_1.19.0/STM32CubeIDE/plugins/com.st.stm32cube.ide.mcu.externaltools.gnu-tools-for-stm32.13.3.rel1.win32_1.0.0.202411081344/tools/bin/../lib/gcc/arm-none-eabi/13.3.1/../../../../arm-none-eabi/lib/thumb/v7e-m+dp/hard\libc_nano.a(libc_a-errno.o)
                0x080107e4                __errno
 .text.__libc_init_array
                0x080107f0       0x48 D:/ST/STM32CubeIDE_1.19.0/STM32CubeIDE/plugins/com.st.stm32cube.ide.mcu.externaltools.gnu-tools-for-stm32.13.3.rel1.win32_1.0.0.202411081344/tools/bin/../lib/gcc/arm-none-eabi/13.3.1/../../../../arm-none-eabi/lib/thumb/v7e-m+dp/hard\libc_nano.a(libc_a-init.o)
                0x080107f0                __libc_init_array
 .text.__retarget_lock_init_recursive
                0x08010838        0x2 D:/ST/STM32CubeIDE_1.19.0/STM32CubeIDE/plugins/com.st.stm32cube.ide.mcu.externaltools.gnu-tools-for-stm32.13.3.rel1.win32_1.0.0.202411081344/tools/bin/../lib/gcc/arm-none-eabi/13.3.1/../../../../arm-none-eabi/lib/thumb/v7e-m+dp/hard\libc_nano.a(libc_a-lock.o)
                0x08010838                __retarget_lock_init_recursive
 .text.__retarget_lock_acquire_recursive
                0x0801083a        0x2 D:/ST/STM32CubeIDE_1.19.0/STM32CubeIDE/plugins/com.st.stm32cube.ide.mcu.externaltools.gnu-tools-for-stm32.13.3.rel1.win32_1.0.0.202411081344/tools/bin/../lib/gcc/arm-none-eabi/13.3.1/../../../../arm-none-eabi/lib/thumb/v7e-m+dp/hard\libc_nano.a(libc_a-lock.o)
                0x0801083a                __retarget_lock_acquire_recursive
 .text.__retarget_lock_release_recursive
                0x0801083c        0x2 D:/ST/STM32CubeIDE_1.19.0/STM32CubeIDE/plugins/com.st.stm32cube.ide.mcu.externaltools.gnu-tools-for-stm32.13.3.rel1.win32_1.0.0.202411081344/tools/bin/../lib/gcc/arm-none-eabi/13.3.1/../../../../arm-none-eabi/lib/thumb/v7e-m+dp/hard\libc_nano.a(libc_a-lock.o)
                0x0801083c                __retarget_lock_release_recursive
 *fill*         0x0801083e        0x2 
 .text._free_r  0x08010840       0x94 D:/ST/STM32CubeIDE_1.19.0/STM32CubeIDE/plugins/com.st.stm32cube.ide.mcu.externaltools.gnu-tools-for-stm32.13.3.rel1.win32_1.0.0.202411081344/tools/bin/../lib/gcc/arm-none-eabi/13.3.1/../../../../arm-none-eabi/lib/thumb/v7e-m+dp/hard\libc_nano.a(libc_a-freer.o)
                0x08010840                _free_r
 .text.sbrk_aligned
                0x080108d4       0x44 D:/ST/STM32CubeIDE_1.19.0/STM32CubeIDE/plugins/com.st.stm32cube.ide.mcu.externaltools.gnu-tools-for-stm32.13.3.rel1.win32_1.0.0.202411081344/tools/bin/../lib/gcc/arm-none-eabi/13.3.1/../../../../arm-none-eabi/lib/thumb/v7e-m+dp/hard\libc_nano.a(libc_a-mallocr.o)
 .text._malloc_r
                0x08010918      0x100 D:/ST/STM32CubeIDE_1.19.0/STM32CubeIDE/plugins/com.st.stm32cube.ide.mcu.externaltools.gnu-tools-for-stm32.13.3.rel1.win32_1.0.0.202411081344/tools/bin/../lib/gcc/arm-none-eabi/13.3.1/../../../../arm-none-eabi/lib/thumb/v7e-m+dp/hard\libc_nano.a(libc_a-mallocr.o)
                0x08010918                _malloc_r
 .text.__malloc_lock
                0x08010a18        0xc D:/ST/STM32CubeIDE_1.19.0/STM32CubeIDE/plugins/com.st.stm32cube.ide.mcu.externaltools.gnu-tools-for-stm32.13.3.rel1.win32_1.0.0.202411081344/tools/bin/../lib/gcc/arm-none-eabi/13.3.1/../../../../arm-none-eabi/lib/thumb/v7e-m+dp/hard\libc_nano.a(libc_a-mlock.o)
                0x08010a18                __malloc_lock
 .text.__malloc_unlock
                0x08010a24        0xc D:/ST/STM32CubeIDE_1.19.0/STM32CubeIDE/plugins/com.st.stm32cube.ide.mcu.externaltools.gnu-tools-for-stm32.13.3.rel1.win32_1.0.0.202411081344/tools/bin/../lib/gcc/arm-none-eabi/13.3.1/../../../../arm-none-eabi/lib/thumb/v7e-m+dp/hard\libc_nano.a(libc_a-mlock.o)
                0x08010a24                __malloc_unlock
 .text.__sfputc_r
                0x08010a30       0x2e D:/ST/STM32CubeIDE_1.19.0/STM32CubeIDE/plugins/com.st.stm32cube.ide.mcu.externaltools.gnu-tools-for-stm32.13.3.rel1.win32_1.0.0.202411081344/tools/bin/../lib/gcc/arm-none-eabi/13.3.1/../../../../arm-none-eabi/lib/thumb/v7e-m+dp/hard\libc_nano.a(libc_a-nano-vfprintf.o)
 .text.__sfputs_r
                0x08010a5e       0x24 D:/ST/STM32CubeIDE_1.19.0/STM32CubeIDE/plugins/com.st.stm32cube.ide.mcu.externaltools.gnu-tools-for-stm32.13.3.rel1.win32_1.0.0.202411081344/tools/bin/../lib/gcc/arm-none-eabi/13.3.1/../../../../arm-none-eabi/lib/thumb/v7e-m+dp/hard\libc_nano.a(libc_a-nano-vfprintf.o)
                0x08010a5e                __sfputs_r
 *fill*         0x08010a82        0x2 
 .text._vfprintf_r
                0x08010a84      0x230 D:/ST/STM32CubeIDE_1.19.0/STM32CubeIDE/plugins/com.st.stm32cube.ide.mcu.externaltools.gnu-tools-for-stm32.13.3.rel1.win32_1.0.0.202411081344/tools/bin/../lib/gcc/arm-none-eabi/13.3.1/../../../../arm-none-eabi/lib/thumb/v7e-m+dp/hard\libc_nano.a(libc_a-nano-vfprintf.o)
                0x08010a84                _vfprintf_r
                0x08010a84                _vfiprintf_r
 .text._printf_common
                0x08010cb4       0xda D:/ST/STM32CubeIDE_1.19.0/STM32CubeIDE/plugins/com.st.stm32cube.ide.mcu.externaltools.gnu-tools-for-stm32.13.3.rel1.win32_1.0.0.202411081344/tools/bin/../lib/gcc/arm-none-eabi/13.3.1/../../../../arm-none-eabi/lib/thumb/v7e-m+dp/hard\libc_nano.a(libc_a-nano-vfprintf_i.o)
                0x08010cb4                _printf_common
 *fill*         0x08010d8e        0x2 
 .text._printf_i
                0x08010d90      0x23c D:/ST/STM32CubeIDE_1.19.0/STM32CubeIDE/plugins/com.st.stm32cube.ide.mcu.externaltools.gnu-tools-for-stm32.13.3.rel1.win32_1.0.0.202411081344/tools/bin/../lib/gcc/arm-none-eabi/13.3.1/../../../../arm-none-eabi/lib/thumb/v7e-m+dp/hard\libc_nano.a(libc_a-nano-vfprintf_i.o)
                0x08010d90                _printf_i
 .text.__sflush_r
                0x08010fcc      0x108 D:/ST/STM32CubeIDE_1.19.0/STM32CubeIDE/plugins/com.st.stm32cube.ide.mcu.externaltools.gnu-tools-for-stm32.13.3.rel1.win32_1.0.0.202411081344/tools/bin/../lib/gcc/arm-none-eabi/13.3.1/../../../../arm-none-eabi/lib/thumb/v7e-m+dp/hard\libc_nano.a(libc_a-fflush.o)
                0x08010fcc                __sflush_r
 .text._fflush_r
                0x080110d4       0x50 D:/ST/STM32CubeIDE_1.19.0/STM32CubeIDE/plugins/com.st.stm32cube.ide.mcu.externaltools.gnu-tools-for-stm32.13.3.rel1.win32_1.0.0.202411081344/tools/bin/../lib/gcc/arm-none-eabi/13.3.1/../../../../arm-none-eabi/lib/thumb/v7e-m+dp/hard\libc_nano.a(libc_a-fflush.o)
                0x080110d4                _fflush_r
 .text.__swhatbuf_r
                0x08011124       0x4c D:/ST/STM32CubeIDE_1.19.0/STM32CubeIDE/plugins/com.st.stm32cube.ide.mcu.externaltools.gnu-tools-for-stm32.13.3.rel1.win32_1.0.0.202411081344/tools/bin/../lib/gcc/arm-none-eabi/13.3.1/../../../../arm-none-eabi/lib/thumb/v7e-m+dp/hard\libc_nano.a(libc_a-makebuf.o)
                0x08011124                __swhatbuf_r
 .text.__smakebuf_r
                0x08011170       0x78 D:/ST/STM32CubeIDE_1.19.0/STM32CubeIDE/plugins/com.st.stm32cube.ide.mcu.externaltools.gnu-tools-for-stm32.13.3.rel1.win32_1.0.0.202411081344/tools/bin/../lib/gcc/arm-none-eabi/13.3.1/../../../../arm-none-eabi/lib/thumb/v7e-m+dp/hard\libc_nano.a(libc_a-makebuf.o)
                0x08011170                __smakebuf_r
 .text._fstat_r
                0x080111e8       0x24 D:/ST/STM32CubeIDE_1.19.0/STM32CubeIDE/plugins/com.st.stm32cube.ide.mcu.externaltools.gnu-tools-for-stm32.13.3.rel1.win32_1.0.0.202411081344/tools/bin/../lib/gcc/arm-none-eabi/13.3.1/../../../../arm-none-eabi/lib/thumb/v7e-m+dp/hard\libc_nano.a(libc_a-fstatr.o)
                0x080111e8                _fstat_r
 .text._isatty_r
                0x0801120c       0x20 D:/ST/STM32CubeIDE_1.19.0/STM32CubeIDE/plugins/com.st.stm32cube.ide.mcu.externaltools.gnu-tools-for-stm32.13.3.rel1.win32_1.0.0.202411081344/tools/bin/../lib/gcc/arm-none-eabi/13.3.1/../../../../arm-none-eabi/lib/thumb/v7e-m+dp/hard\libc_nano.a(libc_a-isattyr.o)
                0x0801120c                _isatty_r
 .text._sbrk_r  0x0801122c       0x20 D:/ST/STM32CubeIDE_1.19.0/STM32CubeIDE/plugins/com.st.stm32cube.ide.mcu.externaltools.gnu-tools-for-stm32.13.3.rel1.win32_1.0.0.202411081344/tools/bin/../lib/gcc/arm-none-eabi/13.3.1/../../../../arm-none-eabi/lib/thumb/v7e-m+dp/hard\libc_nano.a(libc_a-sbrkr.o)
                0x0801122c                _sbrk_r
 *(.glue_7)
 .glue_7        0x0801124c        0x0 linker stubs
 *(.glue_7t)
 .glue_7t       0x0801124c        0x0 linker stubs
 *(.eh_frame)
 .eh_frame      0x0801124c        0x0 D:/ST/STM32CubeIDE_1.19.0/STM32CubeIDE/plugins/com.st.stm32cube.ide.mcu.externaltools.gnu-tools-for-stm32.13.3.rel1.win32_1.0.0.202411081344/tools/bin/../lib/gcc/arm-none-eabi/13.3.1/thumb/v7e-m+dp/hard/crtbegin.o
 *(.init)
 .init          0x0801124c        0x4 D:/ST/STM32CubeIDE_1.19.0/STM32CubeIDE/plugins/com.st.stm32cube.ide.mcu.externaltools.gnu-tools-for-stm32.13.3.rel1.win32_1.0.0.202411081344/tools/bin/../lib/gcc/arm-none-eabi/13.3.1/thumb/v7e-m+dp/hard/crti.o
                0x0801124c                _init
 .init          0x08011250        0x8 D:/ST/STM32CubeIDE_1.19.0/STM32CubeIDE/plugins/com.st.stm32cube.ide.mcu.externaltools.gnu-tools-for-stm32.13.3.rel1.win32_1.0.0.202411081344/tools/bin/../lib/gcc/arm-none-eabi/13.3.1/thumb/v7e-m+dp/hard/crtn.o
 *(.fini)
 .fini          0x08011258        0x4 D:/ST/STM32CubeIDE_1.19.0/STM32CubeIDE/plugins/com.st.stm32cube.ide.mcu.externaltools.gnu-tools-for-stm32.13.3.rel1.win32_1.0.0.202411081344/tools/bin/../lib/gcc/arm-none-eabi/13.3.1/thumb/v7e-m+dp/hard/crti.o
                0x08011258                _fini
 .fini          0x0801125c        0x8 D:/ST/STM32CubeIDE_1.19.0/STM32CubeIDE/plugins/com.st.stm32cube.ide.mcu.externaltools.gnu-tools-for-stm32.13.3.rel1.win32_1.0.0.202411081344/tools/bin/../lib/gcc/arm-none-eabi/13.3.1/thumb/v7e-m+dp/hard/crtn.o
                0x08011264                        . = ALIGN (0x4)
                0x08011264                        _etext = .

.vfp11_veneer   0x08011264        0x0
 .vfp11_veneer  0x08011264        0x0 linker stubs

.v4_bx          0x08011264        0x0
 .v4_bx         0x08011264        0x0 linker stubs

.iplt           0x08011264        0x0
 .iplt          0x08011264        0x0 D:/ST/STM32CubeIDE_1.19.0/STM32CubeIDE/plugins/com.st.stm32cube.ide.mcu.externaltools.gnu-tools-for-stm32.13.3.rel1.win32_1.0.0.202411081344/tools/bin/../lib/gcc/arm-none-eabi/13.3.1/thumb/v7e-m+dp/hard/crtbegin.o

.rodata         0x08011264      0x5c0
                0x08011264                        . = ALIGN (0x4)
 *(.rodata)
 .rodata        0x08011264       0xb0 ./Core/Src/main.o
 .rodata        0x08011314       0x48 ./Middlewares/Third_Party/FatFs/src/ff.o
 *(.rodata*)
 .rodata.D1CorePrescTable
                0x0801135c       0x10 ./Core/Src/system_stm32h7xx.o
                0x0801135c                D1CorePrescTable
 .rodata.flagBitshiftOffset.0
                0x0801136c        0x8 ./Drivers/STM32H7xx_HAL_Driver/Src/stm32h7xx_hal_dma.o
 .rodata.UARTPrescTable
                0x08011374       0x18 ./Drivers/STM32H7xx_HAL_Driver/Src/stm32h7xx_hal_uart.o
                0x08011374                UARTPrescTable
 .rodata.numerator.1
                0x0801138c        0x8 ./Drivers/STM32H7xx_HAL_Driver/Src/stm32h7xx_hal_uart_ex.o
 .rodata.denominator.0
                0x08011394        0x8 ./Drivers/STM32H7xx_HAL_Driver/Src/stm32h7xx_hal_uart_ex.o
 .rodata.SD_Driver
                0x0801139c       0x14 ./FATFS/Target/sd_diskio.o
                0x0801139c                SD_Driver
 .rodata.ExCvt  0x080113b0       0x80 ./Middlewares/Third_Party/FatFs/src/ff.o
 .rodata.LfnOfs
                0x08011430        0xd ./Middlewares/Third_Party/FatFs/src/ff.o
 *fill*         0x0801143d        0x3 
 .rodata.Tbl    0x08011440      0x100 ./Middlewares/Third_Party/FatFs/src/option/ccsbcs.o
 .rodata.cvt1.1
                0x08011540      0x1f2 ./Middlewares/Third_Party/FatFs/src/option/ccsbcs.o
 *fill*         0x08011732        0x2 
 .rodata.cvt2.0
                0x08011734       0xbc ./Middlewares/Third_Party/FatFs/src/option/ccsbcs.o
 .rodata._vfprintf_r.str1.1
                0x080117f0       0x33 D:/ST/STM32CubeIDE_1.19.0/STM32CubeIDE/plugins/com.st.stm32cube.ide.mcu.externaltools.gnu-tools-for-stm32.13.3.rel1.win32_1.0.0.202411081344/tools/bin/../lib/gcc/arm-none-eabi/13.3.1/../../../../arm-none-eabi/lib/thumb/v7e-m+dp/hard\libc_nano.a(libc_a-nano-vfprintf.o)
                                 0x11 (size before relaxing)
 .rodata._printf_i.str1.1
                0x08011823       0x22 D:/ST/STM32CubeIDE_1.19.0/STM32CubeIDE/plugins/com.st.stm32cube.ide.mcu.externaltools.gnu-tools-for-stm32.13.3.rel1.win32_1.0.0.202411081344/tools/bin/../lib/gcc/arm-none-eabi/13.3.1/../../../../arm-none-eabi/lib/thumb/v7e-m+dp/hard\libc_nano.a(libc_a-nano-vfprintf_i.o)
                0x08011848                        . = ALIGN (0x4)
 *fill*         0x08011823        0x1 

.ARM.extab
 *(.ARM.extab* .gnu.linkonce.armextab.*)

.ARM            0x08011824        0x8
                0x08011824                        __exidx_start = .
 *(.ARM.exidx*)
 .ARM.exidx     0x08011824        0x8 D:/ST/STM32CubeIDE_1.19.0/STM32CubeIDE/plugins/com.st.stm32cube.ide.mcu.externaltools.gnu-tools-for-stm32.13.3.rel1.win32_1.0.0.202411081344/tools/bin/../lib/gcc/arm-none-eabi/13.3.1/../../../../arm-none-eabi/lib/thumb/v7e-m+dp/hard\libc_nano.a(libc_a-memchr.o)
 .ARM.exidx     0x0801182c        0x0 D:/ST/STM32CubeIDE_1.19.0/STM32CubeIDE/plugins/com.st.stm32cube.ide.mcu.externaltools.gnu-tools-for-stm32.13.3.rel1.win32_1.0.0.202411081344/tools/bin/../lib/gcc/arm-none-eabi/13.3.1/thumb/v7e-m+dp/hard\libgcc.a(_udivmoddi4.o)
                                  0x8 (size before relaxing)
                0x0801182c                        __exidx_end = .

.preinit_array  0x0801182c        0x0
                0x0801182c                        PROVIDE (__preinit_array_start = .)
 *(.preinit_array*)
                0x0801182c                        PROVIDE (__preinit_array_end = .)

.init_array     0x0801182c        0x4
                0x0801182c                        PROVIDE (__init_array_start = .)
 *(SORT_BY_NAME(.init_array.*))
 *(.init_array*)
 .init_array    0x0801182c        0x4 D:/ST/STM32CubeIDE_1.19.0/STM32CubeIDE/plugins/com.st.stm32cube.ide.mcu.externaltools.gnu-tools-for-stm32.13.3.rel1.win32_1.0.0.202411081344/tools/bin/../lib/gcc/arm-none-eabi/13.3.1/thumb/v7e-m+dp/hard/crtbegin.o
                0x08011830                        PROVIDE (__init_array_end = .)

.fini_array     0x08011830        0x4
                [!provide]                        PROVIDE (__fini_array_start = .)
 *(SORT_BY_NAME(.fini_array.*))
 *(.fini_array*)
 .fini_array    0x08011830        0x4 D:/ST/STM32CubeIDE_1.19.0/STM32CubeIDE/plugins/com.st.stm32cube.ide.mcu.externaltools.gnu-tools-for-stm32.13.3.rel1.win32_1.0.0.202411081344/tools/bin/../lib/gcc/arm-none-eabi/13.3.1/thumb/v7e-m+dp/hard/crtbegin.o
                [!provide]                        PROVIDE (__fini_array_end = .)
                0x08011834                        _sidata = LOADADDR (.data)

.rel.dyn        0x08011834        0x0
 .rel.iplt      0x08011834        0x0 D:/ST/STM32CubeIDE_1.19.0/STM32CubeIDE/plugins/com.st.stm32cube.ide.mcu.externaltools.gnu-tools-for-stm32.13.3.rel1.win32_1.0.0.202411081344/tools/bin/../lib/gcc/arm-none-eabi/13.3.1/thumb/v7e-m+dp/hard/crtbegin.o

.data           0x24000000       0x6c load address 0x08011834
                0x24000000                        . = ALIGN (0x4)
                0x24000000                        _sdata = .
 *(.data)
 *(.data*)
 .data.SystemCoreClock
                0x24000000        0x4 ./Core/Src/system_stm32h7xx.o
                0x24000000                SystemCoreClock
 .data.SystemD2Clock
                0x24000004        0x4 ./Core/Src/system_stm32h7xx.o
                0x24000004                SystemD2Clock
 .data.uwTickPrio
                0x24000008        0x4 ./Drivers/STM32H7xx_HAL_Driver/Src/stm32h7xx_hal.o
                0x24000008                uwTickPrio
 .data.uwTickFreq
                0x2400000c        0x1 ./Drivers/STM32H7xx_HAL_Driver/Src/stm32h7xx_hal.o
                0x2400000c                uwTickFreq
 .data.Stat     0x2400000d        0x1 ./FATFS/Target/sd_diskio.o
 *fill*         0x2400000e        0x2 
 .data.__sglue  0x24000010        0xc D:/ST/STM32CubeIDE_1.19.0/STM32CubeIDE/plugins/com.st.stm32cube.ide.mcu.externaltools.gnu-tools-for-stm32.13.3.rel1.win32_1.0.0.202411081344/tools/bin/../lib/gcc/arm-none-eabi/13.3.1/../../../../arm-none-eabi/lib/thumb/v7e-m+dp/hard\libc_nano.a(libc_a-findfp.o)
                0x24000010                __sglue
 .data._impure_ptr
                0x2400001c        0x4 D:/ST/STM32CubeIDE_1.19.0/STM32CubeIDE/plugins/com.st.stm32cube.ide.mcu.externaltools.gnu-tools-for-stm32.13.3.rel1.win32_1.0.0.202411081344/tools/bin/../lib/gcc/arm-none-eabi/13.3.1/../../../../arm-none-eabi/lib/thumb/v7e-m+dp/hard\libc_nano.a(libc_a-impure.o)
                0x2400001c                _impure_ptr
 .data._impure_data
                0x24000020       0x4c D:/ST/STM32CubeIDE_1.19.0/STM32CubeIDE/plugins/com.st.stm32cube.ide.mcu.externaltools.gnu-tools-for-stm32.13.3.rel1.win32_1.0.0.202411081344/tools/bin/../lib/gcc/arm-none-eabi/13.3.1/../../../../arm-none-eabi/lib/thumb/v7e-m+dp/hard\libc_nano.a(libc_a-impure.o)
                0x24000020                _impure_data
 *(.RamFunc)
 *(.RamFunc*)
                0x2400006c                        . = ALIGN (0x4)
                0x2400006c                        _edata = .

.igot.plt       0x2400006c        0x0 load address 0x080118a0
 .igot.plt      0x2400006c        0x0 D:/ST/STM32CubeIDE_1.19.0/STM32CubeIDE/plugins/com.st.stm32cube.ide.mcu.externaltools.gnu-tools-for-stm32.13.3.rel1.win32_1.0.0.202411081344/tools/bin/../lib/gcc/arm-none-eabi/13.3.1/thumb/v7e-m+dp/hard/crtbegin.o
                0x2400006c                        . = ALIGN (0x4)

.bss            0x2400006c    0x75d98 load address 0x080118a0
                0x2400006c                        _sbss = .
                0x2400006c                        __bss_start__ = _sbss
 *(.bss)
 .bss           0x2400006c       0x1c D:/ST/STM32CubeIDE_1.19.0/STM32CubeIDE/plugins/com.st.stm32cube.ide.mcu.externaltools.gnu-tools-for-stm32.13.3.rel1.win32_1.0.0.202411081344/tools/bin/../lib/gcc/arm-none-eabi/13.3.1/thumb/v7e-m+dp/hard/crtbegin.o
 *(.bss*)
 .bss.hdac1     0x24000088       0x14 ./Core/Src/main.o
                0x24000088                hdac1
 .bss.hdma_dac1_ch1
                0x2400009c       0x78 ./Core/Src/main.o
                0x2400009c                hdma_dac1_ch1
 .bss.hdma_dac1_ch2
                0x24000114       0x78 ./Core/Src/main.o
                0x24000114                hdma_dac1_ch2
 .bss.hsd1      0x2400018c       0x7c ./Core/Src/main.o
                0x2400018c                hsd1
 .bss.htim6     0x24000208       0x4c ./Core/Src/main.o
                0x24000208                htim6
 .bss.huart1    0x24000254       0x94 ./Core/Src/main.o
                0x24000254                huart1
 .bss.frame_total
                0x240002e8        0x2 ./Core/Src/main.o
                0x240002e8                frame_total
 *fill*         0x240002ea        0x2 
 .bss.target_fps
                0x240002ec        0x4 ./Core/Src/main.o
                0x240002ec                target_fps
 .bss.frame_size
                0x240002f0        0x2 ./Core/Src/main.o
                0x240002f0                frame_size
 *fill*         0x240002f2        0x2 
 .bss.play_cnt  0x240002f4        0x4 ./Core/Src/main.o
                0x240002f4                play_cnt
 .bss.cur_play  0x240002f8        0x4 ./Core/Src/main.o
                0x240002f8                cur_play
 .bss.signalXY  0x240002fc    0x75300 ./Core/Src/main.o
                0x240002fc                signalXY
 .bss.frame_idx
                0x240755fc        0x4 ./Core/Src/main.o
                0x240755fc                frame_idx
 .bss.play_idx  0x24075600        0x4 ./Core/Src/main.o
                0x24075600                play_idx
 .bss.start_tick
                0x24075604        0x4 ./Core/Src/main.o
                0x24075604                start_tick
 .bss.__sbrk_heap_end
                0x24075608        0x4 ./Core/Src/sysmem.o
 .bss.uwTick    0x2407560c        0x4 ./Drivers/STM32H7xx_HAL_Driver/Src/stm32h7xx_hal.o
                0x2407560c                uwTick
 .bss.retSD     0x24075610        0x1 ./FATFS/App/fatfs.o
                0x24075610                retSD
 *fill*         0x24075611        0x3 
 .bss.SDPath    0x24075614        0x4 ./FATFS/App/fatfs.o
                0x24075614                SDPath
 .bss.SDFatFS   0x24075618      0x234 ./FATFS/App/fatfs.o
                0x24075618                SDFatFS
 .bss.SDFile    0x2407584c      0x230 ./FATFS/App/fatfs.o
                0x2407584c                SDFile
 .bss.WriteStatus
                0x24075a7c        0x4 ./FATFS/Target/sd_diskio.o
 .bss.ReadStatus
                0x24075a80        0x4 ./FATFS/Target/sd_diskio.o
 .bss.FatFs     0x24075a84        0x4 ./Middlewares/Third_Party/FatFs/src/ff.o
 .bss.Fsid      0x24075a88        0x2 ./Middlewares/Third_Party/FatFs/src/ff.o
 *fill*         0x24075a8a        0x2 
 .bss.Files     0x24075a8c       0x20 ./Middlewares/Third_Party/FatFs/src/ff.o
 .bss.LfnBuf    0x24075aac      0x200 ./Middlewares/Third_Party/FatFs/src/ff.o
 .bss.disk      0x24075cac        0xc ./Middlewares/Third_Party/FatFs/src/ff_gen_drv.o
                0x24075cac                disk
 .bss.__sf      0x24075cb8      0x138 D:/ST/STM32CubeIDE_1.19.0/STM32CubeIDE/plugins/com.st.stm32cube.ide.mcu.externaltools.gnu-tools-for-stm32.13.3.rel1.win32_1.0.0.202411081344/tools/bin/../lib/gcc/arm-none-eabi/13.3.1/../../../../arm-none-eabi/lib/thumb/v7e-m+dp/hard\libc_nano.a(libc_a-findfp.o)
                0x24075cb8                __sf
 .bss.__stdio_exit_handler
                0x24075df0        0x4 D:/ST/STM32CubeIDE_1.19.0/STM32CubeIDE/plugins/com.st.stm32cube.ide.mcu.externaltools.gnu-tools-for-stm32.13.3.rel1.win32_1.0.0.202411081344/tools/bin/../lib/gcc/arm-none-eabi/13.3.1/../../../../arm-none-eabi/lib/thumb/v7e-m+dp/hard\libc_nano.a(libc_a-findfp.o)
                0x24075df0                __stdio_exit_handler
 .bss.errno     0x24075df4        0x4 D:/ST/STM32CubeIDE_1.19.0/STM32CubeIDE/plugins/com.st.stm32cube.ide.mcu.externaltools.gnu-tools-for-stm32.13.3.rel1.win32_1.0.0.202411081344/tools/bin/../lib/gcc/arm-none-eabi/13.3.1/../../../../arm-none-eabi/lib/thumb/v7e-m+dp/hard\libc_nano.a(libc_a-reent.o)
                0x24075df4                errno
 .bss.__lock___malloc_recursive_mutex
                0x24075df8        0x1 D:/ST/STM32CubeIDE_1.19.0/STM32CubeIDE/plugins/com.st.stm32cube.ide.mcu.externaltools.gnu-tools-for-stm32.13.3.rel1.win32_1.0.0.202411081344/tools/bin/../lib/gcc/arm-none-eabi/13.3.1/../../../../arm-none-eabi/lib/thumb/v7e-m+dp/hard\libc_nano.a(libc_a-lock.o)
                0x24075df8                __lock___malloc_recursive_mutex
 .bss.__lock___sfp_recursive_mutex
                0x24075df9        0x1 D:/ST/STM32CubeIDE_1.19.0/STM32CubeIDE/plugins/com.st.stm32cube.ide.mcu.externaltools.gnu-tools-for-stm32.13.3.rel1.win32_1.0.0.202411081344/tools/bin/../lib/gcc/arm-none-eabi/13.3.1/../../../../arm-none-eabi/lib/thumb/v7e-m+dp/hard\libc_nano.a(libc_a-lock.o)
                0x24075df9                __lock___sfp_recursive_mutex
 *fill*         0x24075dfa        0x2 
 .bss.__malloc_sbrk_start
                0x24075dfc        0x4 D:/ST/STM32CubeIDE_1.19.0/STM32CubeIDE/plugins/com.st.stm32cube.ide.mcu.externaltools.gnu-tools-for-stm32.13.3.rel1.win32_1.0.0.202411081344/tools/bin/../lib/gcc/arm-none-eabi/13.3.1/../../../../arm-none-eabi/lib/thumb/v7e-m+dp/hard\libc_nano.a(libc_a-mallocr.o)
                0x24075dfc                __malloc_sbrk_start
 .bss.__malloc_free_list
                0x24075e00        0x4 D:/ST/STM32CubeIDE_1.19.0/STM32CubeIDE/plugins/com.st.stm32cube.ide.mcu.externaltools.gnu-tools-for-stm32.13.3.rel1.win32_1.0.0.202411081344/tools/bin/../lib/gcc/arm-none-eabi/13.3.1/../../../../arm-none-eabi/lib/thumb/v7e-m+dp/hard\libc_nano.a(libc_a-mallocr.o)
                0x24075e00                __malloc_free_list
 *(COMMON)
                0x24075e04                        . = ALIGN (0x4)
                0x24075e04                        _ebss = .
                0x24075e04                        __bss_end__ = _ebss

._user_heap_stack
                0x24075e04     0x3c04 load address 0x080118a0
                0x24075e08                        . = ALIGN (0x8)
 *fill*         0x24075e04        0x4 
                [!provide]                        PROVIDE (end = .)
                0x24075e08                        PROVIDE (_end = .)
                0x24078608                        . = (. + _Min_Heap_Size)
 *fill*         0x24075e08     0x2800 
                0x24079a08                        . = (. + _Min_Stack_Size)
 *fill*         0x24078608     0x1400 
                0x24079a08                        . = ALIGN (0x8)

/DISCARD/
 libc.a(*)
 libm.a(*)
 libgcc.a(*)

.ARM.attributes
                0x00000000       0x2e
 *(.ARM.attributes)
 .ARM.attributes
                0x00000000       0x20 D:/ST/STM32CubeIDE_1.19.0/STM32CubeIDE/plugins/com.st.stm32cube.ide.mcu.externaltools.gnu-tools-for-stm32.13.3.rel1.win32_1.0.0.202411081344/tools/bin/../lib/gcc/arm-none-eabi/13.3.1/thumb/v7e-m+dp/hard/crti.o
 .ARM.attributes
                0x00000020       0x32 D:/ST/STM32CubeIDE_1.19.0/STM32CubeIDE/plugins/com.st.stm32cube.ide.mcu.externaltools.gnu-tools-for-stm32.13.3.rel1.win32_1.0.0.202411081344/tools/bin/../lib/gcc/arm-none-eabi/13.3.1/thumb/v7e-m+dp/hard/crtbegin.o
 .ARM.attributes
                0x00000052       0x32 ./Core/Src/main.o
 .ARM.attributes
                0x00000084       0x32 ./Core/Src/stm32h7xx_hal_msp.o
 .ARM.attributes
                0x000000b6       0x32 ./Core/Src/stm32h7xx_it.o
 .ARM.attributes
                0x000000e8       0x32 ./Core/Src/syscalls.o
 .ARM.attributes
                0x0000011a       0x32 ./Core/Src/sysmem.o
 .ARM.attributes
                0x0000014c       0x32 ./Core/Src/system_stm32h7xx.o
 .ARM.attributes
                0x0000017e       0x21 ./Core/Startup/startup_stm32h750vbtx.o
 .ARM.attributes
                0x0000019f       0x32 ./Drivers/STM32H7xx_HAL_Driver/Src/stm32h7xx_hal.o
 .ARM.attributes
                0x000001d1       0x32 ./Drivers/STM32H7xx_HAL_Driver/Src/stm32h7xx_hal_cortex.o
 .ARM.attributes
                0x00000203       0x32 ./Drivers/STM32H7xx_HAL_Driver/Src/stm32h7xx_hal_dac.o
 .ARM.attributes
                0x00000235       0x32 ./Drivers/STM32H7xx_HAL_Driver/Src/stm32h7xx_hal_dac_ex.o
 .ARM.attributes
                0x00000267       0x32 ./Drivers/STM32H7xx_HAL_Driver/Src/stm32h7xx_hal_dma.o
 .ARM.attributes
                0x00000299       0x32 ./Drivers/STM32H7xx_HAL_Driver/Src/stm32h7xx_hal_gpio.o
 .ARM.attributes
                0x000002cb       0x32 ./Drivers/STM32H7xx_HAL_Driver/Src/stm32h7xx_hal_pwr_ex.o
 .ARM.attributes
                0x000002fd       0x32 ./Drivers/STM32H7xx_HAL_Driver/Src/stm32h7xx_hal_rcc.o
 .ARM.attributes
                0x0000032f       0x32 ./Drivers/STM32H7xx_HAL_Driver/Src/stm32h7xx_hal_rcc_ex.o
 .ARM.attributes
                0x00000361       0x32 ./Drivers/STM32H7xx_HAL_Driver/Src/stm32h7xx_hal_sd.o
 .ARM.attributes
                0x00000393       0x32 ./Drivers/STM32H7xx_HAL_Driver/Src/stm32h7xx_hal_tim.o
 .ARM.attributes
                0x000003c5       0x32 ./Drivers/STM32H7xx_HAL_Driver/Src/stm32h7xx_hal_tim_ex.o
 .ARM.attributes
                0x000003f7       0x32 ./Drivers/STM32H7xx_HAL_Driver/Src/stm32h7xx_hal_uart.o
 .ARM.attributes
                0x00000429       0x32 ./Drivers/STM32H7xx_HAL_Driver/Src/stm32h7xx_hal_uart_ex.o
 .ARM.attributes
                0x0000045b       0x32 ./Drivers/STM32H7xx_HAL_Driver/Src/stm32h7xx_ll_sdmmc.o
 .ARM.attributes
                0x0000048d       0x32 ./FATFS/App/fatfs.o
 .ARM.attributes
                0x000004bf       0x32 ./FATFS/Target/bsp_driver_sd.o
 .ARM.attributes
                0x000004f1       0x32 ./FATFS/Target/fatfs_platform.o
 .ARM.attributes
                0x00000523       0x32 ./FATFS/Target/sd_diskio.o
 .ARM.attributes
                0x00000555       0x32 ./Middlewares/Third_Party/FatFs/src/diskio.o
 .ARM.attributes
                0x00000587       0x32 ./Middlewares/Third_Party/FatFs/src/ff.o
 .ARM.attributes
                0x000005b9       0x32 ./Middlewares/Third_Party/FatFs/src/ff_gen_drv.o
 .ARM.attributes
                0x000005eb       0x32 ./Middlewares/Third_Party/FatFs/src/option/ccsbcs.o
 .ARM.attributes
                0x0000061d       0x32 D:/ST/STM32CubeIDE_1.19.0/STM32CubeIDE/plugins/com.st.stm32cube.ide.mcu.externaltools.gnu-tools-for-stm32.13.3.rel1.win32_1.0.0.202411081344/tools/bin/../lib/gcc/arm-none-eabi/13.3.1/../../../../arm-none-eabi/lib/thumb/v7e-m+dp/hard\libc_nano.a(libc_a-findfp.o)
 .ARM.attributes
                0x0000064f       0x32 D:/ST/STM32CubeIDE_1.19.0/STM32CubeIDE/plugins/com.st.stm32cube.ide.mcu.externaltools.gnu-tools-for-stm32.13.3.rel1.win32_1.0.0.202411081344/tools/bin/../lib/gcc/arm-none-eabi/13.3.1/../../../../arm-none-eabi/lib/thumb/v7e-m+dp/hard\libc_nano.a(libc_a-fwalk.o)
 .ARM.attributes
                0x00000681       0x32 D:/ST/STM32CubeIDE_1.19.0/STM32CubeIDE/plugins/com.st.stm32cube.ide.mcu.externaltools.gnu-tools-for-stm32.13.3.rel1.win32_1.0.0.202411081344/tools/bin/../lib/gcc/arm-none-eabi/13.3.1/../../../../arm-none-eabi/lib/thumb/v7e-m+dp/hard\libc_nano.a(libc_a-printf.o)
 .ARM.attributes
                0x000006b3       0x32 D:/ST/STM32CubeIDE_1.19.0/STM32CubeIDE/plugins/com.st.stm32cube.ide.mcu.externaltools.gnu-tools-for-stm32.13.3.rel1.win32_1.0.0.202411081344/tools/bin/../lib/gcc/arm-none-eabi/13.3.1/../../../../arm-none-eabi/lib/thumb/v7e-m+dp/hard\libc_nano.a(libc_a-puts.o)
 .ARM.attributes
                0x000006e5       0x32 D:/ST/STM32CubeIDE_1.19.0/STM32CubeIDE/plugins/com.st.stm32cube.ide.mcu.externaltools.gnu-tools-for-stm32.13.3.rel1.win32_1.0.0.202411081344/tools/bin/../lib/gcc/arm-none-eabi/13.3.1/../../../../arm-none-eabi/lib/thumb/v7e-m+dp/hard\libc_nano.a(libc_a-stdio.o)
 .ARM.attributes