../Core/Src/main.c:91:1:__io_putchar	16	static
../Core/Src/main.c:99:5:LoadSDFileInfo	24	static
../Core/Src/main.c:132:6:LoadSDFileFrame	24	static
../Core/Src/main.c:142:6:setDAC	32	static
../Core/Src/main.c:156:6:HAL_DACEx_ConvCpltCallbackCh2	16	static
../Core/Src/main.c:165:5:main	24	static
../Core/Src/main.c:261:6:SystemClock_Config	120	static
../Core/Src/main.c:320:13:MX_DAC1_Init	48	static
../Core/Src/main.c:370:13:MX_SDMMC1_SD_Init	8	static
../Core/Src/main.c:401:13:MX_TIM6_Init	24	static
../Core/Src/main.c:439:13:MX_USART1_UART_Init	8	static
../Core/Src/main.c:485:13:MX_DMA_Init	16	static
../Core/Src/main.c:506:13:MX_GPIO_Init	56	static
../Core/Src/main.c:548:6:MPU_Config	24	static
../Core/Src/main.c:579:6:Error_Handler	4	static,ignoring_inline_asm
